Component: ARM Compiler 5.06 update 3 (build 300) Tool: armlink [4d35c9]

==============================================================================

Section Cross References

    system_stm32f1xx.o(i.SystemCoreClockUpdate) refers to system_stm32f1xx.o(.data) for .data
    system_stm32f1xx.o(i.SystemCoreClockUpdate) refers to system_stm32f1xx.o(.constdata) for .constdata
    startup_stm32f103xb.o(RESET) refers to startup_stm32f103xb.o(STACK) for __initial_sp
    startup_stm32f103xb.o(RESET) refers to startup_stm32f103xb.o(.text) for Reset_Handler
    startup_stm32f103xb.o(RESET) refers to stm32f1xx_it.o(i.NMI_Handler) for NMI_Handler
    startup_stm32f103xb.o(RESET) refers to stm32f1xx_it.o(i.HardFault_Handler) for HardFault_Handler
    startup_stm32f103xb.o(RESET) refers to stm32f1xx_it.o(i.MemManage_Handler) for MemManage_Handler
    startup_stm32f103xb.o(RESET) refers to stm32f1xx_it.o(i.BusFault_Handler) for BusFault_Handler
    startup_stm32f103xb.o(RESET) refers to stm32f1xx_it.o(i.UsageFault_Handler) for UsageFault_Handler
    startup_stm32f103xb.o(RESET) refers to stm32f1xx_it.o(i.DebugMon_Handler) for DebugMon_Handler
    startup_stm32f103xb.o(RESET) refers to stm32f1xx_it.o(i.SysTick_Handler) for SysTick_Handler
    startup_stm32f103xb.o(RESET) refers to stm32f1xx_it.o(i.TIM4_IRQHandler) for TIM4_IRQHandler
    startup_stm32f103xb.o(.text) refers to system_stm32f1xx.o(i.SystemInit) for SystemInit
    startup_stm32f103xb.o(.text) refers to entry.o(.ARM.Collect$$$$00000000) for __main
    main.o(i.ADXL345_ReadRegXyz) refers to main.o(i.ADXL345_ReadRegisterValue) for ADXL345_ReadRegisterValue
    main.o(i.ADXL345_ReadRegisterValue) refers to stm32f1xx_hal_gpio.o(i.HAL_GPIO_WritePin) for HAL_GPIO_WritePin
    main.o(i.ADXL345_ReadRegisterValue) refers to main.o(i.SPI2_ReadWriteByte) for SPI2_ReadWriteByte
    main.o(i.ADXL345_SetRegisterValue) refers to stm32f1xx_hal_gpio.o(i.HAL_GPIO_WritePin) for HAL_GPIO_WritePin
    main.o(i.ADXL345_SetRegisterValue) refers to main.o(i.delay_ms) for delay_ms
    main.o(i.ADXL345_SetRegisterValue) refers to main.o(i.SPI2_ReadWriteByte) for SPI2_ReadWriteByte
    main.o(i.ADXL_Init) refers to main.o(i.ADXL345_SetRegisterValue) for ADXL345_SetRegisterValue
    main.o(i.BandPass_Filter) refers to cfrcmple.o(.text) for __aeabi_cfrcmple
    main.o(i.BandPass_Filter) refers to ffltui.o(.text) for __aeabi_ui2f
    main.o(i.BandPass_Filter) refers to cfcmple.o(.text) for __aeabi_cfcmple
    main.o(i.Blanking_Leds) refers to stm32f1xx_hal_gpio.o(i.HAL_GPIO_WritePin) for HAL_GPIO_WritePin
    main.o(i.Blanking_Leds) refers to main.o(i.delay_ms) for delay_ms
    main.o(i.Calc_VelocRSS_Displace) refers to dfltui.o(.text) for __aeabi_ui2d
    main.o(i.Calc_VelocRSS_Displace) refers to dmul.o(.text) for __aeabi_dmul
    main.o(i.Calc_VelocRSS_Displace) refers to d2f.o(.text) for __aeabi_d2f
    main.o(i.Calc_VelocRSS_Displace) refers to fdiv.o(.text) for __aeabi_fdiv
    main.o(i.Calc_VelocRSS_Displace) refers to f2d.o(.text) for __aeabi_f2d
    main.o(i.Calc_VelocRSS_Displace) refers to fmul.o(.text) for __aeabi_fmul
    main.o(i.Calc_VelocRSS_Displace) refers to fadd.o(.text) for __aeabi_fadd
    main.o(i.Calc_VelocRSS_Displace) refers to sqrt.o(i.sqrt) for sqrt
    main.o(i.Calc_VelocRSS_Displace) refers to cfrcmple.o(.text) for __aeabi_cfrcmple
    main.o(i.Calc_VelocRSS_Displace) refers to cfcmple.o(.text) for __aeabi_cfcmple
    main.o(i.Calc_VelocRSS_Displace) refers to cos.o(i.cos) for cos
    main.o(i.Calc_VelocRSS_Displace) refers to ffltui.o(.text) for __aeabi_ui2f
    main.o(i.Calc_VelocRSS_Displace) refers to main.o(.data) for .data
    main.o(i.Calc_VelocRSS_Displace) refers to main.o(.bss) for .bss
    main.o(i.FFT) refers to fmul.o(.text) for __aeabi_fmul
    main.o(i.FFT) refers to fadd.o(.text) for __aeabi_fadd
    main.o(i.FFT) refers to f2d.o(.text) for __aeabi_f2d
    main.o(i.FFT) refers to sqrt.o(i.sqrt) for sqrt
    main.o(i.FFT) refers to d2f.o(.text) for __aeabi_d2f
    main.o(i.FFT) refers to fdiv.o(.text) for __aeabi_fdiv
    main.o(i.FFT) refers to atan.o(i.atan) for atan
    main.o(i.FFT) refers to main.o(.bss) for .bss
    main.o(i.GetAccValueFromRAM) refers to main.o(i.SeqnReadRAM) for SeqnReadRAM
    main.o(i.GetAccValueFromRAM) refers to dflti.o(.text) for __aeabi_i2d
    main.o(i.GetAccValueFromRAM) refers to dmul.o(.text) for __aeabi_dmul
    main.o(i.GetAccValueFromRAM) refers to ddiv.o(.text) for __aeabi_ddiv
    main.o(i.GetAccValueFromRAM) refers to d2f.o(.text) for __aeabi_d2f
    main.o(i.GetAccValueFromRAM) refers to main.o(.bss) for .bss
    main.o(i.GetSamplesToRAM) refers to stm32f1xx_hal_tim_1.o(i.HAL_TIM_Base_Start_IT) for HAL_TIM_Base_Start_IT
    main.o(i.GetSamplesToRAM) refers to main.o(i.ADXL345_ReadRegXyz) for ADXL345_ReadRegXyz
    main.o(i.GetSamplesToRAM) refers to stm32f1xx_hal_gpio.o(i.HAL_GPIO_TogglePin) for HAL_GPIO_TogglePin
    main.o(i.GetSamplesToRAM) refers to main.o(i.SeqnWriteRAM) for SeqnWriteRAM
[...]
    Removing stm32f1xx_hal_gpio.o(.rev16_text), (4 bytes).
    Removing stm32f1xx_hal_gpio.o(.revsh_text), (4 bytes).
    Removing stm32f1xx_hal_gpio.o(.rrx_text), (6 bytes).
    Removing stm32f1xx_hal_gpio.o(i.HAL_GPIO_DeInit), (228 bytes).
    Removing stm32f1xx_hal_gpio.o(i.HAL_GPIO_EXTI_Callback), (2 bytes).
    Removing stm32f1xx_hal_gpio.o(i.HAL_GPIO_EXTI_IRQHandler), (24 bytes).
    Removing stm32f1xx_hal_gpio.o(i.HAL_GPIO_LockPin), (34 bytes).
    Removing stm32f1xx_hal_gpio.o(i.HAL_GPIO_ReadPin), (10 bytes).
    Removing stm32f1xx_hal_adc.o(.rev16_text), (4 bytes).
    Removing stm32f1xx_hal_adc.o(.revsh_text), (4 bytes).
    Removing stm32f1xx_hal_adc.o(.rrx_text), (6 bytes).
    Removing stm32f1xx_hal_adc.o(i.ADC_ConversionStop_Disable), (76 bytes).
    Removing stm32f1xx_hal_adc.o(i.ADC_DMAConvCplt), (78 bytes).
    Removing stm32f1xx_hal_adc.o(i.ADC_DMAError), (26 bytes).
    Removing stm32f1xx_hal_adc.o(i.ADC_DMAHalfConvCplt), (10 bytes).
    Removing stm32f1xx_hal_adc.o(i.ADC_Enable), (112 bytes).
    Removing stm32f1xx_hal_adc.o(i.HAL_ADC_AnalogWDGConfig), (88 bytes).
    Removing stm32f1xx_hal_adc.o(i.HAL_ADC_ConfigChannel), (360 bytes).
    Removing stm32f1xx_hal_adc.o(i.HAL_ADC_ConvCpltCallback), (2 bytes).
    Removing stm32f1xx_hal_adc.o(i.HAL_ADC_ConvHalfCpltCallback), (2 bytes).
    Removing stm32f1xx_hal_adc.o(i.HAL_ADC_DeInit), (228 bytes).
    Removing stm32f1xx_hal_adc.o(i.HAL_ADC_ErrorCallback), (2 bytes).
    Removing stm32f1xx_hal_adc.o(i.HAL_ADC_GetError), (4 bytes).
    Removing stm32f1xx_hal_adc.o(i.HAL_ADC_GetState), (4 bytes).
    Removing stm32f1xx_hal_adc.o(i.HAL_ADC_GetValue), (6 bytes).
    Removing stm32f1xx_hal_adc.o(i.HAL_ADC_IRQHandler), (230 bytes).
    Removing stm32f1xx_hal_adc.o(i.HAL_ADC_Init), (308 bytes).
    Removing stm32f1xx_hal_adc.o(i.HAL_ADC_LevelOutOfWindowCallback), (2 bytes).
    Removing stm32f1xx_hal_adc.o(i.HAL_ADC_MspDeInit), (2 bytes).
    Removing stm32f1xx_hal_adc.o(i.HAL_ADC_MspInit), (2 bytes).
    Removing stm32f1xx_hal_adc.o(i.HAL_ADC_PollForConversion), (304 bytes).
    Removing stm32f1xx_hal_adc.o(i.HAL_ADC_PollForEvent), (84 bytes).
    Removing stm32f1xx_hal_adc.o(i.HAL_ADC_Start), (192 bytes).
    Removing stm32f1xx_hal_adc.o(i.HAL_ADC_Start_DMA), (268 bytes).
    Removing stm32f1xx_hal_adc.o(i.HAL_ADC_Start_IT), (204 bytes).
    Removing stm32f1xx_hal_adc.o(i.HAL_ADC_Stop), (52 bytes).
    Removing stm32f1xx_hal_adc.o(i.HAL_ADC_Stop_DMA), (76 bytes).
    Removing stm32f1xx_hal_adc.o(i.HAL_ADC_Stop_IT), (62 bytes).
    Removing stm32f1xx_hal_tim_ex_1.o(.rev16_text), (4 bytes).
    Removing stm32f1xx_hal_tim_ex_1.o(.revsh_text), (4 bytes).
    Removing stm32f1xx_hal_tim_ex_1.o(.rrx_text), (6 bytes).
    Removing stm32f1xx_hal_tim_ex_1.o(i.HAL_TIMEx_ConfigBreakDeadTime), (66 bytes).
    Removing stm32f1xx_hal_tim_ex_1.o(i.HAL_TIMEx_ConfigCommutationEvent), (92 bytes).
    Removing stm32f1xx_hal_tim_ex_1.o(i.HAL_TIMEx_ConfigCommutationEvent_DMA), (124 bytes).
    Removing stm32f1xx_hal_tim_ex_1.o(i.HAL_TIMEx_ConfigCommutationEvent_IT), (102 bytes).
    Removing stm32f1xx_hal_tim_ex_1.o(i.HAL_TIMEx_HallSensor_DeInit), (56 bytes).
    Removing stm32f1xx_hal_tim_ex_1.o(i.HAL_TIMEx_HallSensor_GetState), (6 bytes).
    Removing stm32f1xx_hal_tim_ex_1.o(i.HAL_TIMEx_HallSensor_Init), (188 bytes).
    Removing stm32f1xx_hal_tim_ex_1.o(i.HAL_TIMEx_HallSensor_MspDeInit), (2 bytes).
    Removing stm32f1xx_hal_tim_ex_1.o(i.HAL_TIMEx_HallSensor_MspInit), (2 bytes).
    Removing stm32f1xx_hal_tim_ex_1.o(i.HAL_TIMEx_HallSensor_Start), (28 bytes).
    Removing stm32f1xx_hal_tim_ex_1.o(i.HAL_TIMEx_HallSensor_Start_DMA), (104 bytes).
    Removing stm32f1xx_hal_tim_ex_1.o(i.HAL_TIMEx_HallSensor_Start_IT), (38 bytes).
    Removing stm32f1xx_hal_tim_ex_1.o(i.HAL_TIMEx_HallSensor_Stop), (46 bytes).
    Removing stm32f1xx_hal_tim_ex_1.o(i.HAL_TIMEx_HallSensor_Stop_DMA), (56 bytes).
    Removing stm32f1xx_hal_tim_ex_1.o(i.HAL_TIMEx_HallSensor_Stop_IT), (56 bytes).
    Removing stm32f1xx_hal_tim_ex_1.o(i.HAL_TIMEx_OCN_Start), (36 bytes).
    Removing stm32f1xx_hal_tim_ex_1.o(i.HAL_TIMEx_OCN_Start_DMA), (220 bytes).
    Removing stm32f1xx_hal_tim_ex_1.o(i.HAL_TIMEx_OCN_Start_IT), (96 bytes).
    Removing stm32f1xx_hal_tim_ex_1.o(i.HAL_TIMEx_OCN_Stop), (68 bytes).
    Removing stm32f1xx_hal_tim_ex_1.o(i.HAL_TIMEx_OCN_Stop_DMA), (124 bytes).
    Removing stm32f1xx_hal_tim_ex_1.o(i.HAL_TIMEx_OCN_Stop_IT), (134 bytes).
    Removing stm32f1xx_hal_tim_ex_1.o(i.HAL_TIMEx_OnePulseN_Start), (26 bytes).
    Removing stm32f1xx_hal_tim_ex_1.o(i.HAL_TIMEx_OnePulseN_Start_IT), (46 bytes).
    Removing stm32f1xx_hal_tim_ex_1.o(i.HAL_TIMEx_OnePulseN_Stop), (68 bytes).
    Removing stm32f1xx_hal_tim_ex_1.o(i.HAL_TIMEx_OnePulseN_Stop_IT), (88 bytes).
    Removing stm32f1xx_hal_tim_ex_1.o(i.HAL_TIMEx_PWMN_Start), (36 bytes).
    Removing stm32f1xx_hal_tim_ex_1.o(i.HAL_TIMEx_PWMN_Start_DMA), (220 bytes).
    Removing stm32f1xx_hal_tim_ex_1.o(i.HAL_TIMEx_PWMN_Start_IT), (96 bytes).
    Removing stm32f1xx_hal_tim_ex_1.o(i.HAL_TIMEx_PWMN_Stop), (68 bytes).
    Removing stm32f1xx_hal_tim_ex_1.o(i.HAL_TIMEx_PWMN_Stop_DMA), (124 bytes).
    Removing stm32f1xx_hal_tim_ex_1.o(i.HAL_TIMEx_PWMN_Stop_IT), (134 bytes).
    Removing stm32f1xx_hal_tim_ex_1.o(i.TIMEx_DMACommutationCplt), (16 bytes).
    Removing stm32f1xx_hal_tim_ex_1.o(i.TIM_CCxNChannelCmd), (22 bytes).
    Removing stm32f1xx_hal_tim_1.o(.rev16_text), (4 bytes).
    Removing stm32f1xx_hal_tim_1.o(.revsh_text), (4 bytes).
    Removing stm32f1xx_hal_tim_1.o(.rrx_text), (6 bytes).
    Removing stm32f1xx_hal_tim_1.o(i.HAL_TIM_Base_DeInit), (56 bytes).
    Removing stm32f1xx_hal_tim_1.o(i.HAL_TIM_Base_GetState), (6 bytes).
    Removing stm32f1xx_hal_tim_1.o(i.HAL_TIM_Base_MspDeInit), (2 bytes).
    Removing stm32f1xx_hal_tim_1.o(i.HAL_TIM_Base_MspInit), (2 bytes).
    Removing stm32f1xx_hal_tim_1.o(i.HAL_TIM_Base_Start), (26 bytes).
    Removing stm32f1xx_hal_tim_1.o(i.HAL_TIM_Base_Start_DMA), (92 bytes).
    Removing stm32f1xx_hal_tim_1.o(i.HAL_TIM_Base_Stop), (44 bytes).
    Removing stm32f1xx_hal_tim_1.o(i.HAL_TIM_Base_Stop_DMA), (48 bytes).
    Removing stm32f1xx_hal_tim_1.o(i.HAL_TIM_ConfigOCrefClear), (194 bytes).
    Removing stm32f1xx_hal_tim_1.o(i.HAL_TIM_ConfigTI1Input), (16 bytes).
    Removing stm32f1xx_hal_tim_1.o(i.HAL_TIM_DMABurst_ReadStart), (260 bytes).
    Removing stm32f1xx_hal_tim_1.o(i.HAL_TIM_DMABurst_ReadStop), (96 bytes).
    Removing stm32f1xx_hal_tim_1.o(i.HAL_TIM_DMABurst_WriteStart), (260 bytes).
    Removing stm32f1xx_hal_tim_1.o(i.HAL_TIM_DMABurst_WriteStop), (96 bytes).
    Removing stm32f1xx_hal_tim_1.o(i.HAL_TIM_Encoder_DeInit), (56 bytes).
    Removing stm32f1xx_hal_tim_1.o(i.HAL_TIM_Encoder_GetState), (6 bytes).
    Removing stm32f1xx_hal_tim_1.o(i.HAL_TIM_Encoder_Init), (150 bytes).
    Removing stm32f1xx_hal_tim_1.o(i.HAL_TIM_Encoder_MspDeInit), (2 bytes).
    Removing stm32f1xx_hal_tim_1.o(i.HAL_TIM_Encoder_MspInit), (2 bytes).
    Removing stm32f1xx_hal_tim_1.o(i.HAL_TIM_Encoder_Start), (52 bytes).
    Removing stm32f1xx_hal_tim_1.o(i.HAL_TIM_Encoder_Start_DMA), (272 bytes).
    Removing stm32f1xx_hal_tim_1.o(i.HAL_TIM_Encoder_Start_IT), (92 bytes).
    Removing stm32f1xx_hal_tim_1.o(i.HAL_TIM_Encoder_Stop), (70 bytes).
    Removing stm32f1xx_hal_tim_1.o(i.HAL_TIM_Encoder_Stop_DMA), (116 bytes).
    Removing stm32f1xx_hal_tim_1.o(i.HAL_TIM_Encoder_Stop_IT), (116 bytes).
    Removing stm32f1xx_hal_tim_1.o(i.HAL_TIM_ErrorCallback), (2 bytes).
    Removing stm32f1xx_hal_tim_1.o(i.HAL_TIM_GenerateEvent), (38 bytes).
    Removing stm32f1xx_hal_tim_1.o(i.HAL_TIM_IC_ConfigChannel), (286 bytes).
    Removing stm32f1xx_hal_tim_1.o(i.HAL_TIM_IC_DeInit), (56 bytes).
    Removing stm32f1xx_hal_tim_1.o(i.HAL_TIM_IC_GetState), (6 bytes).
    Removing stm32f1xx_hal_tim_1.o(i.HAL_TIM_IC_Init), (54 bytes).
    Removing stm32f1xx_hal_tim_1.o(i.HAL_TIM_IC_MspDeInit), (2 bytes).
    Removing stm32f1xx_hal_tim_1.o(i.HAL_TIM_IC_MspInit), (2 bytes).
    Removing stm32f1xx_hal_tim_1.o(i.HAL_TIM_IC_Start), (26 bytes).
    Removing stm32f1xx_hal_tim_1.o(i.HAL_TIM_IC_Start_DMA), (200 bytes).
    Removing stm32f1xx_hal_tim_1.o(i.HAL_TIM_IC_Start_IT), (76 bytes).
    Removing stm32f1xx_hal_tim_1.o(i.HAL_TIM_IC_Stop), (44 bytes).
    Removing stm32f1xx_hal_tim_1.o(i.HAL_TIM_IC_Stop_DMA), (100 bytes).
    Removing stm32f1xx_hal_tim_1.o(i.HAL_TIM_IC_Stop_IT), (94 bytes).
    Removing stm32f1xx_hal_tim_1.o(i.HAL_TIM_OC_ConfigChannel), (86 bytes).
    Removing stm32f1xx_hal_tim_1.o(i.HAL_TIM_OC_DeInit), (56 bytes).
    Removing stm32f1xx_hal_tim_1.o(i.HAL_TIM_OC_GetState), (6 bytes).
    Removing stm32f1xx_hal_tim_1.o(i.HAL_TIM_OC_Init), (54 bytes).
    Removing stm32f1xx_hal_tim_1.o(i.HAL_TIM_OC_MspDeInit), (2 bytes).
    Removing stm32f1xx_hal_tim_1.o(i.HAL_TIM_OC_MspInit), (2 bytes).
    Removing stm32f1xx_hal_tim_1.o(i.HAL_TIM_OC_Start), (48 bytes).
    Removing stm32f1xx_hal_tim_1.o(i.HAL_TIM_OC_Start_DMA), (228 bytes).
    Removing stm32f1xx_hal_tim_1.o(i.HAL_TIM_OC_Start_IT), (96 bytes).
    Removing stm32f1xx_hal_tim_1.o(i.HAL_TIM_OC_Stop), (76 bytes).
    Removing stm32f1xx_hal_tim_1.o(i.HAL_TIM_OC_Stop_DMA), (132 bytes).
    Removing stm32f1xx_hal_tim_1.o(i.HAL_TIM_OC_Stop_IT), (128 bytes).
    Removing stm32f1xx_hal_tim_1.o(i.HAL_TIM_OnePulse_ConfigChannel), (218 bytes).
    Removing stm32f1xx_hal_tim_1.o(i.HAL_TIM_OnePulse_DeInit), (56 bytes).
    Removing stm32f1xx_hal_tim_1.o(i.HAL_TIM_OnePulse_GetState), (6 bytes).
    Removing stm32f1xx_hal_tim_1.o(i.HAL_TIM_OnePulse_Init), (74 bytes).
    Removing stm32f1xx_hal_tim_1.o(i.HAL_TIM_OnePulse_MspDeInit), (2 bytes).
    Removing stm32f1xx_hal_tim_1.o(i.HAL_TIM_OnePulse_MspInit), (2 bytes).
    Removing stm32f1xx_hal_tim_1.o(i.HAL_TIM_OnePulse_Start), (48 bytes).
    Removing stm32f1xx_hal_tim_1.o(i.HAL_TIM_OnePulse_Start_IT), (68 bytes).
    Removing stm32f1xx_hal_tim_1.o(i.HAL_TIM_OnePulse_Stop), (88 bytes).
    Removing stm32f1xx_hal_tim_1.o(i.HAL_TIM_OnePulse_Stop_IT), (108 bytes).
    Removing stm32f1xx_hal_tim_1.o(i.HAL_TIM_PWM_ConfigChannel), (208 bytes).
    Removing stm32f1xx_hal_tim_1.o(i.HAL_TIM_PWM_DeInit), (56 bytes).
    Removing stm32f1xx_hal_tim_1.o(i.HAL_TIM_PWM_GetState), (6 bytes).
    Removing stm32f1xx_hal_tim_1.o(i.HAL_TIM_PWM_Init), (54 bytes).
    Removing stm32f1xx_hal_tim_1.o(i.HAL_TIM_PWM_MspDeInit), (2 bytes).
    Removing stm32f1xx_hal_tim_1.o(i.HAL_TIM_PWM_MspInit), (2 bytes).
    Removing stm32f1xx_hal_tim_1.o(i.HAL_TIM_PWM_Start), (48 bytes).
    Removing stm32f1xx_hal_tim_1.o(i.HAL_TIM_PWM_Start_DMA), (228 bytes).
    Removing stm32f1xx_hal_tim_1.o(i.HAL_TIM_PWM_Start_IT), (96 bytes).
    Removing stm32f1xx_hal_tim_1.o(i.HAL_TIM_PWM_Stop), (84 bytes).
    Removing stm32f1xx_hal_tim_1.o(i.HAL_TIM_PWM_Stop_DMA), (132 bytes).
    Removing stm32f1xx_hal_tim_1.o(i.HAL_TIM_PWM_Stop_IT), (128 bytes).
    Removing stm32f1xx_hal_tim_1.o(i.HAL_TIM_ReadCapturedValue), (68 bytes).
    Removing stm32f1xx_hal_tim_1.o(i.HAL_TIM_SlaveConfigSynchronization), (66 bytes).
    Removing stm32f1xx_hal_tim_1.o(i.HAL_TIM_SlaveConfigSynchronization_IT), (66 bytes).
    Removing stm32f1xx_hal_tim_1.o(i.TIM_CCxChannelCmd), (22 bytes).
    Removing stm32f1xx_hal_tim_1.o(i.TIM_DMACaptureCplt), (62 bytes).
    Removing stm32f1xx_hal_tim_1.o(i.TIM_DMADelayPulseCplt), (62 bytes).
    Removing stm32f1xx_hal_tim_1.o(i.TIM_DMAError), (16 bytes).
    Removing stm32f1xx_hal_tim_1.o(i.TIM_DMAPeriodElapsedCplt), (16 bytes).
    Removing stm32f1xx_hal_tim_1.o(i.TIM_DMATriggerCplt), (16 bytes).
    Removing stm32f1xx_hal_tim_1.o(i.TIM_OC1_SetConfig), (80 bytes).
    Removing stm32f1xx_hal_tim_1.o(i.TIM_OC2_SetConfig), (88 bytes).
    Removing stm32f1xx_hal_tim_1.o(i.TIM_OC3_SetConfig), (88 bytes).
    Removing stm32f1xx_hal_tim_1.o(i.TIM_OC4_SetConfig), (68 bytes).
    Removing stm32f1xx_hal_tim_1.o(i.TIM_SlaveTimer_SetConfig), (124 bytes).
    Removing stm32f1xx_hal_tim_1.o(i.TIM_TI1_SetConfig), (88 bytes).
    Removing stm32f1xx_hal_tim_1.o(i.TIM_TI2_SetConfig), (54 bytes).
    Removing stm32f1xx_hal_spi.o(.rev16_text), (4 bytes).
    Removing stm32f1xx_hal_spi.o(.revsh_text), (4 bytes).
    Removing stm32f1xx_hal_spi.o(.rrx_text), (6 bytes).
    Removing stm32f1xx_hal_spi.o(i.HAL_SPI_DMAPause), (48 bytes).
    Removing stm32f1xx_hal_spi.o(i.HAL_SPI_DMAResume), (48 bytes).
    Removing stm32f1xx_hal_spi.o(i.HAL_SPI_DMAStop), (50 bytes).
    Removing stm32f1xx_hal_spi.o(i.HAL_SPI_DeInit), (46 bytes).
    Removing stm32f1xx_hal_spi.o(i.HAL_SPI_ErrorCallback), (2 bytes).
    Removing stm32f1xx_hal_spi.o(i.HAL_SPI_GetError), (4 bytes).
    Removing stm32f1xx_hal_spi.o(i.HAL_SPI_GetState), (6 bytes).
    Removing stm32f1xx_hal_spi.o(i.HAL_SPI_IRQHandler), (176 bytes).
    Removing stm32f1xx_hal_spi.o(i.HAL_SPI_Init), (122 bytes).
    Removing stm32f1xx_hal_spi.o(i.HAL_SPI_MspDeInit), (2 bytes).
    Removing stm32f1xx_hal_spi.o(i.HAL_SPI_MspInit), (2 bytes).
    Removing stm32f1xx_hal_spi.o(i.HAL_SPI_Receive), (492 bytes).
    Removing stm32f1xx_hal_spi.o(i.HAL_SPI_Receive_DMA), (224 bytes).
    Removing stm32f1xx_hal_spi.o(i.HAL_SPI_Receive_IT), (180 bytes).
    Removing stm32f1xx_hal_spi.o(i.HAL_SPI_RxCpltCallback), (2 bytes).
    Removing stm32f1xx_hal_spi.o(i.HAL_SPI_RxHalfCpltCallback), (2 bytes).
    Removing stm32f1xx_hal_spi.o(i.HAL_SPI_Transmit), (326 bytes).
    Removing stm32f1xx_hal_spi.o(i.HAL_SPI_TransmitReceive), (690 bytes).
    Removing stm32f1xx_hal_spi.o(i.HAL_SPI_TransmitReceive_DMA), (272 bytes).
    Removing stm32f1xx_hal_spi.o(i.HAL_SPI_TransmitReceive_IT), (172 bytes).
    Removing stm32f1xx_hal_spi.o(i.HAL_SPI_Transmit_DMA), (192 bytes).
    Removing stm32f1xx_hal_spi.o(i.HAL_SPI_Transmit_IT), (164 bytes).
    Removing stm32f1xx_hal_spi.o(i.HAL_SPI_TxCpltCallback), (2 bytes).
    Removing stm32f1xx_hal_spi.o(i.HAL_SPI_TxHalfCpltCallback), (2 bytes).
    Removing stm32f1xx_hal_spi.o(i.HAL_SPI_TxRxCpltCallback), (2 bytes).
    Removing stm32f1xx_hal_spi.o(i.HAL_SPI_TxRxHalfCpltCallback), (2 bytes).
    Removing stm32f1xx_hal_spi.o(i.SPI_2LinesRxISR), (44 bytes).
    Removing stm32f1xx_hal_spi.o(i.SPI_DMAError), (30 bytes).
    Removing stm32f1xx_hal_spi.o(i.SPI_DMAHalfReceiveCplt), (10 bytes).
    Removing stm32f1xx_hal_spi.o(i.SPI_DMAHalfTransmitCplt), (10 bytes).
    Removing stm32f1xx_hal_spi.o(i.SPI_DMAHalfTransmitReceiveCplt), (10 bytes).
    Removing stm32f1xx_hal_spi.o(i.SPI_DMAReceiveCplt), (218 bytes).
    Removing stm32f1xx_hal_spi.o(i.SPI_DMATransmitCplt), (108 bytes).
    Removing stm32f1xx_hal_spi.o(i.SPI_DMATransmitReceiveCplt), (190 bytes).
    Removing stm32f1xx_hal_spi.o(i.SPI_ISCRCErrorValid), (4 bytes).
    Removing stm32f1xx_hal_spi.o(i.SPI_RxCloseIRQHandler), (246 bytes).
    Removing stm32f1xx_hal_spi.o(i.SPI_RxISR), (70 bytes).
    Removing stm32f1xx_hal_spi.o(i.SPI_TxCloseIRQHandler), (130 bytes).
    Removing stm32f1xx_hal_spi.o(i.SPI_TxISR), (66 bytes).
    Removing stm32f1xx_hal_spi.o(i.SPI_WaitOnFlagUntilTimeout), (158 bytes).
    Removing stm32f1xx_hal_flash_ex.o(.rev16_text), (4 bytes).
    Removing stm32f1xx_hal_flash_ex.o(.revsh_text), (4 bytes).
    Removing stm32f1xx_hal_flash_ex.o(.rrx_text), (6 bytes).
    Removing stm32f1xx_hal_flash_ex.o(i.FLASH_MassErase), (36 bytes).
    Removing stm32f1xx_hal_flash_ex.o(i.FLASH_OB_DisableWRP), (176 bytes).
    Removing stm32f1xx_hal_flash_ex.o(i.FLASH_OB_EnableWRP), (176 bytes).
    Removing stm32f1xx_hal_flash_ex.o(i.FLASH_OB_GetRDP), (24 bytes).
    Removing stm32f1xx_hal_flash_ex.o(i.FLASH_OB_RDP_LevelConfig), (100 bytes).
    Removing stm32f1xx_hal_flash_ex.o(i.FLASH_PageErase), (36 bytes).
    Removing stm32f1xx_hal_flash_ex.o(i.HAL_FLASHEx_Erase), (168 bytes).
    Removing stm32f1xx_hal_flash_ex.o(i.HAL_FLASHEx_Erase_IT), (84 bytes).
    Removing stm32f1xx_hal_flash_ex.o(i.HAL_FLASHEx_OBErase), (84 bytes).
    Removing stm32f1xx_hal_flash_ex.o(i.HAL_FLASHEx_OBGetConfig), (48 bytes).
    Removing stm32f1xx_hal_flash_ex.o(i.HAL_FLASHEx_OBGetUserData), (48 bytes).
    Removing stm32f1xx_hal_flash_ex.o(i.HAL_FLASHEx_OBProgram), (200 bytes).
    Removing stm32f1xx_hal_rcc_ex.o(.rev16_text), (4 bytes).
    Removing stm32f1xx_hal_rcc_ex.o(.revsh_text), (4 bytes).
    Removing stm32f1xx_hal_rcc_ex.o(.rrx_text), (6 bytes).
    Removing stm32f1xx_hal_rcc_ex.o(i.HAL_RCCEx_GetPeriphCLKConfig), (44 bytes).
    Removing stm32f1xx_hal_rcc_ex.o(i.HAL_RCCEx_GetPeriphCLKFreq), (240 bytes).
    Removing stm32f1xx_hal_rcc_ex.o(i.HAL_RCCEx_PeriphCLKConfig), (296 bytes).
    Removing stm32f1xx_hal_spi_ex.o(.rev16_text), (4 bytes).
    Removing stm32f1xx_hal_spi_ex.o(.revsh_text), (4 bytes).
    Removing stm32f1xx_hal_spi_ex.o(.rrx_text), (6 bytes).
    Removing stm32f1xx_hal_spi_ex.o(i.SPI_ISCRCErrorValid), (4 bytes).
    Removing stm32f1xx_hal.o(.rev16_text), (4 bytes).
    Removing stm32f1xx_hal.o(.revsh_text), (4 bytes).
    Removing stm32f1xx_hal.o(.rrx_text), (6 bytes).
    Removing stm32f1xx_hal.o(i.HAL_DBGMCU_DisableDBGSleepMode), (16 bytes).
    Removing stm32f1xx_hal.o(i.HAL_DBGMCU_DisableDBGStandbyMode), (16 bytes).
    Removing stm32f1xx_hal.o(i.HAL_DBGMCU_DisableDBGStopMode), (16 bytes).
    Removing stm32f1xx_hal.o(i.HAL_DBGMCU_EnableDBGSleepMode), (16 bytes).
    Removing stm32f1xx_hal.o(i.HAL_DBGMCU_EnableDBGStandbyMode), (16 bytes).
    Removing stm32f1xx_hal.o(i.HAL_DBGMCU_EnableDBGStopMode), (16 bytes).
    Removing stm32f1xx_hal.o(i.HAL_DeInit), (32 bytes).
    Removing stm32f1xx_hal.o(i.HAL_GetDEVID), (16 bytes).
    Removing stm32f1xx_hal.o(i.HAL_GetHalVersion), (8 bytes).
    Removing stm32f1xx_hal.o(i.HAL_GetREVID), (28 bytes).
    Removing stm32f1xx_hal.o(i.HAL_MspDeInit), (2 bytes).
    Removing stm32f1xx_hal.o(i.HAL_MspInit), (2 bytes).
    Removing stm32f1xx_hal.o(i.HAL_ResumeTick), (14 bytes).
    Removing stm32f1xx_hal.o(i.HAL_SuspendTick), (14 bytes).
    Removing stm32f1xx_hal_pwr.o(.rev16_text), (4 bytes).
    Removing stm32f1xx_hal_pwr.o(.revsh_text), (4 bytes).
    Removing stm32f1xx_hal_pwr.o(.rrx_text), (6 bytes).
    Removing stm32f1xx_hal_pwr.o(i.HAL_PWR_ConfigPVD), (124 bytes).
    Removing stm32f1xx_hal_pwr.o(i.HAL_PWR_DeInit), (24 bytes).
    Removing stm32f1xx_hal_pwr.o(i.HAL_PWR_DisableBkUpAccess), (28 bytes).
    Removing stm32f1xx_hal_pwr.o(i.HAL_PWR_DisablePVD), (24 bytes).
    Removing stm32f1xx_hal_pwr.o(i.HAL_PWR_DisableSEVOnPend), (16 bytes).
    Removing stm32f1xx_hal_pwr.o(i.HAL_PWR_DisableSleepOnExit), (16 bytes).
    Removing stm32f1xx_hal_pwr.o(i.HAL_PWR_DisableWakeUpPin), (28 bytes).
    Removing stm32f1xx_hal_pwr.o(i.HAL_PWR_EnableBkUpAccess), (24 bytes).
    Removing stm32f1xx_hal_pwr.o(i.HAL_PWR_EnablePVD), (24 bytes).
    Removing stm32f1xx_hal_pwr.o(i.HAL_PWR_EnableSEVOnPend), (16 bytes).
    Removing stm32f1xx_hal_pwr.o(i.HAL_PWR_EnableSleepOnExit), (16 bytes).
    Removing stm32f1xx_hal_pwr.o(i.HAL_PWR_EnableWakeUpPin), (28 bytes).
    Removing stm32f1xx_hal_pwr.o(i.HAL_PWR_EnterSLEEPMode), (32 bytes).
    Removing stm32f1xx_hal_pwr.o(i.HAL_PWR_EnterSTANDBYMode), (32 bytes).
    Removing stm32f1xx_hal_pwr.o(i.HAL_PWR_EnterSTOPMode), (68 bytes).
    Removing stm32f1xx_hal_pwr.o(i.HAL_PWR_PVDCallback), (2 bytes).
    Removing stm32f1xx_hal_pwr.o(i.HAL_PWR_PVD_IRQHandler), (28 bytes).
    Removing stm32f1xx_hal_pwr.o(i.PWR_OverloadWfe), (6 bytes).
    Removing stm32f1xx_hal_flash.o(.rev16_text), (4 bytes).
    Removing stm32f1xx_hal_flash.o(.revsh_text), (4 bytes).
    Removing stm32f1xx_hal_flash.o(.rrx_text), (6 bytes).
    Removing stm32f1xx_hal_flash.o(i.FLASH_Program_HalfWord), (28 bytes).
    Removing stm32f1xx_hal_flash.o(i.FLASH_SetErrorCode), (68 bytes).
    Removing stm32f1xx_hal_flash.o(i.FLASH_WaitForLastOperation), (84 bytes).
    Removing stm32f1xx_hal_flash.o(i.HAL_FLASH_EndOfOperationCallback), (2 bytes).
    Removing stm32f1xx_hal_flash.o(i.HAL_FLASH_GetError), (12 bytes).
    Removing stm32f1xx_hal_flash.o(i.HAL_FLASH_IRQHandler), (264 bytes).
    Removing stm32f1xx_hal_flash.o(i.HAL_FLASH_Lock), (20 bytes).
    Removing stm32f1xx_hal_flash.o(i.HAL_FLASH_OB_Launch), (10 bytes).
    Removing stm32f1xx_hal_flash.o(i.HAL_FLASH_OB_Lock), (20 bytes).
    Removing stm32f1xx_hal_flash.o(i.HAL_FLASH_OB_Unlock), (36 bytes).
    Removing stm32f1xx_hal_flash.o(i.HAL_FLASH_OperationErrorCallback), (2 bytes).
    Removing stm32f1xx_hal_flash.o(i.HAL_FLASH_Program), (128 bytes).
    Removing stm32f1xx_hal_flash.o(i.HAL_FLASH_Program_IT), (100 bytes).
    Removing stm32f1xx_hal_flash.o(i.HAL_FLASH_Unlock), (36 bytes).
    Removing stm32f1xx_hal_flash.o(.bss), (32 bytes).
    Removing stm32f1xx_hal_rcc.o(.rev16_text), (4 bytes).
    Removing stm32f1xx_hal_rcc.o(.revsh_text), (4 bytes).
    Removing stm32f1xx_hal_rcc.o(.rrx_text), (6 bytes).
    Removing stm32f1xx_hal_rcc.o(i.HAL_RCC_CSSCallback), (2 bytes).
    Removing stm32f1xx_hal_rcc.o(i.HAL_RCC_DeInit), (68 bytes).
    Removing stm32f1xx_hal_rcc.o(i.HAL_RCC_DisableCSS), (28 bytes).
    Removing stm32f1xx_hal_rcc.o(i.HAL_RCC_EnableCSS), (24 bytes).
    Removing stm32f1xx_hal_rcc.o(i.HAL_RCC_GetClockConfig), (64 bytes).
    Removing stm32f1xx_hal_rcc.o(i.HAL_RCC_GetOscConfig), (156 bytes).
    Removing stm32f1xx_hal_rcc.o(i.HAL_RCC_MCOConfig), (72 bytes).
    Removing stm32f1xx_hal_rcc.o(i.HAL_RCC_NMI_IRQHandler), (24 bytes).
    Removing stm32f1xx_hal_dma.o(.rev16_text), (4 bytes).
    Removing stm32f1xx_hal_dma.o(.revsh_text), (4 bytes).
    Removing stm32f1xx_hal_dma.o(.rrx_text), (6 bytes).
    Removing stm32f1xx_hal_dma.o(i.DMA_SetConfig), (30 bytes).
    Removing stm32f1xx_hal_dma.o(i.HAL_DMA_Abort), (86 bytes).
    Removing stm32f1xx_hal_dma.o(i.HAL_DMA_DeInit), (296 bytes).
    Removing stm32f1xx_hal_dma.o(i.HAL_DMA_GetError), (4 bytes).
    Removing stm32f1xx_hal_dma.o(i.HAL_DMA_GetState), (6 bytes).
    Removing stm32f1xx_hal_dma.o(i.HAL_DMA_IRQHandler), (620 bytes).
    Removing stm32f1xx_hal_dma.o(i.HAL_DMA_Init), (80 bytes).
    Removing stm32f1xx_hal_dma.o(i.HAL_DMA_PollForTransfer), (572 bytes).
    Removing stm32f1xx_hal_dma.o(i.HAL_DMA_Start), (58 bytes).
    Removing stm32f1xx_hal_dma.o(i.HAL_DMA_Start_IT), (88 bytes).
    Removing cdcmple.o(.text), (48 bytes).

407 unused section(s) (total 28893 bytes) removed from the image.

==============================================================================

Image Symbol Table

    Local Symbols

    Symbol Name                              Value     Ov Type        Size  Object(Section)

    ../Drivers/CMSIS/Device/ST/STM32F1xx/Source/Templates/system_stm32f1xx.c 0x00000000   Number         0  system_stm32f1xx.o ABSOLUTE
    ../Drivers/STM32F1xx_HAL_Driver/Src/stm32f1xx_hal.c 0x00000000   Number         0  stm32f1xx_hal.o ABSOLUTE
    ../Drivers/STM32F1xx_HAL_Driver/Src/stm32f1xx_hal_adc.c 0x00000000   Number         0  stm32f1xx_hal_adc.o ABSOLUTE
    ../Drivers/STM32F1xx_HAL_Driver/Src/stm32f1xx_hal_adc_ex.c 0x00000000   Number         0  stm32f1xx_hal_adc_ex.o ABSOLUTE
    ../Drivers/STM32F1xx_HAL_Driver/Src/stm32f1xx_hal_cortex.c 0x00000000   Number         0  stm32f1xx_hal_cortex.o ABSOLUTE
    ../Drivers/STM32F1xx_HAL_Driver/Src/stm32f1xx_hal_dma.c 0x00000000   Number         0  stm32f1xx_hal_dma.o ABSOLUTE
    ../Drivers/STM32F1xx_HAL_Driver/Src/stm32f1xx_hal_flash.c 0x00000000   Number         0  stm32f1xx_hal_flash.o ABSOLUTE
    ../Drivers/STM32F1xx_HAL_Driver/Src/stm32f1xx_hal_flash_ex.c 0x00000000   Number         0  stm32f1xx_hal_flash_ex.o ABSOLUTE
    ../Drivers/STM32F1xx_HAL_Driver/Src/stm32f1xx_hal_gpio.c 0x00000000   Number         0  stm32f1xx_hal_gpio.o ABSOLUTE
    ../Drivers/STM32F1xx_HAL_Driver/Src/stm32f1xx_hal_pwr.c 0x00000000   Number         0  stm32f1xx_hal_pwr.o ABSOLUTE
    ../Drivers/STM32F1xx_HAL_Driver/Src/stm32f1xx_hal_rcc.c 0x00000000   Number         0  stm32f1xx_hal_rcc.o ABSOLUTE
    ../Drivers/STM32F1xx_HAL_Driver/Src/stm32f1xx_hal_rcc_ex.c 0x00000000   Number         0  stm32f1xx_hal_rcc_ex.o ABSOLUTE
    ../Drivers/STM32F1xx_HAL_Driver/Src/stm32f1xx_hal_spi.c 0x00000000   Number         0  stm32f1xx_hal_spi.o ABSOLUTE
    ../Drivers/STM32F1xx_HAL_Driver/Src/stm32f1xx_hal_spi_ex.c 0x00000000   Number         0  stm32f1xx_hal_spi_ex.o ABSOLUTE
    ../Drivers/STM32F1xx_HAL_Driver/Src/stm32f1xx_hal_tim.c 0x00000000   Number         0  stm32f1xx_hal_tim_1.o ABSOLUTE
    ../Drivers/STM32F1xx_HAL_Driver/Src/stm32f1xx_hal_tim_ex.c 0x00000000   Number         0  stm32f1xx_hal_tim_ex_1.o ABSOLUTE
    ../Drivers/STM32F1xx_HAL_Driver/Src/stm32f1xx_hal_uart.c 0x00000000   Number         0  stm32f1xx_hal_uart.o ABSOLUTE
    ../Src/main.c                            0x00000000   Number         0  main.o ABSOLUTE
    ../Src/stm32f1xx_hal_msp.c               0x00000000   Number         0  stm32f1xx_hal_msp.o ABSOLUTE
    ../Src/stm32f1xx_it.c                    0x00000000   Number         0  stm32f1xx_it.o ABSOLUTE
    ../clib/microlib/errno.c                 0x00000000   Number         0  errno.o ABSOLUTE
    ../clib/microlib/init/entry.s            0x00000000   Number         0  entry7a.o ABSOLUTE
    ../clib/microlib/init/entry.s            0x00000000   Number         0  entry11b.o ABSOLUTE
    ../clib/microlib/init/entry.s            0x00000000   Number         0  entry11a.o ABSOLUTE
    ../clib/microlib/init/entry.s            0x00000000   Number         0  entry5.o ABSOLUTE
    ../clib/microlib/init/entry.s            0x00000000   Number         0  entry.o ABSOLUTE
    ../clib/microlib/init/entry.s            0x00000000   Number         0  entry10b.o ABSOLUTE
    ../clib/microlib/init/entry.s            0x00000000   Number         0  entry9b.o ABSOLUTE
    ../clib/microlib/init/entry.s            0x00000000   Number         0  entry9a.o ABSOLUTE
    ../clib/microlib/init/entry.s            0x00000000   Number         0  entry8b.o ABSOLUTE
    ../clib/microlib/init/entry.s            0x00000000   Number         0  entry8a.o ABSOLUTE
    ../clib/microlib/init/entry.s            0x00000000   Number         0  entry7b.o ABSOLUTE
    ../clib/microlib/init/entry.s            0x00000000   Number         0  entry2.o ABSOLUTE
    ../clib/microlib/init/entry.s            0x00000000   Number         0  entry10a.o ABSOLUTE
    ../clib/microlib/longlong.c              0x00000000   Number         0  llushr.o ABSOLUTE
    ../clib/microlib/longlong.c              0x00000000   Number         0  llsshr.o ABSOLUTE
    ../clib/microlib/longlong.c              0x00000000   Number         0  llshl.o ABSOLUTE
    ../clib/microlib/stubs.s                 0x00000000   Number         0  iusefp.o ABSOLUTE
    ../fplib/microlib/d2f.c                  0x00000000   Number         0  d2f.o ABSOLUTE
    ../fplib/microlib/f2d.c                  0x00000000   Number         0  f2d.o ABSOLUTE
    ../fplib/microlib/fpadd.c                0x00000000   Number         0  fadd.o ABSOLUTE
    ../fplib/microlib/fpadd.c                0x00000000   Number         0  dadd.o ABSOLUTE
    ../fplib/microlib/fpdiv.c                0x00000000   Number         0  ddiv.o ABSOLUTE
    ../fplib/microlib/fpdiv.c                0x00000000   Number         0  fdiv.o ABSOLUTE
    ../fplib/microlib/fpepilogue.c           0x00000000   Number         0  fepilogue.o ABSOLUTE
    ../fplib/microlib/fpepilogue.c           0x00000000   Number         0  depilogue.o ABSOLUTE
    ../fplib/microlib/fpfix.c                0x00000000   Number         0  dfixi.o ABSOLUTE
    ../fplib/microlib/fpflt.c                0x00000000   Number         0  ffltui.o ABSOLUTE
    ../fplib/microlib/fpflt.c                0x00000000   Number         0  dfltui.o ABSOLUTE
    ../fplib/microlib/fpflt.c                0x00000000   Number         0  dflti.o ABSOLUTE
    ../fplib/microlib/fpmul.c                0x00000000   Number         0  fmul.o ABSOLUTE
    ../fplib/microlib/fpmul.c                0x00000000   Number         0  dmul.o ABSOLUTE
    ../fplib/microlib/fpscalb.c              0x00000000   Number         0  dscalb.o ABSOLUTE
    ../fplib/microlib/fpsqrt.c               0x00000000   Number         0  dsqrt.o ABSOLUTE
    ../mathlib/atan.c                        0x00000000   Number         0  atan.o ABSOLUTE
    ../mathlib/atan.c                        0x00000000   Number         0  atan_x.o ABSOLUTE
    ../mathlib/cos.c                         0x00000000   Number         0  cos.o ABSOLUTE
    ../mathlib/cos.c                         0x00000000   Number         0  cos_x.o ABSOLUTE
    ../mathlib/cos_i.c                       0x00000000   Number         0  cos_i.o ABSOLUTE
    ../mathlib/dunder.c                      0x00000000   Number         0  dunder.o ABSOLUTE
    ../mathlib/fpclassify.c                  0x00000000   Number         0  fpclassify.o ABSOLUTE
    ../mathlib/poly.c                        0x00000000   Number         0  poly.o ABSOLUTE
    ../mathlib/rred.c                        0x00000000   Number         0  rred.o ABSOLUTE
    ../mathlib/sin.c                         0x00000000   Number         0  sin.o ABSOLUTE
    ../mathlib/sin.c                         0x00000000   Number         0  sin_x.o ABSOLUTE
    ../mathlib/sin_i.c                       0x00000000   Number         0  sin_i_x.o ABSOLUTE
    ../mathlib/sin_i.c                       0x00000000   Number         0  sin_i.o ABSOLUTE
    ../mathlib/sqrt.c                        0x00000000   Number         0  sqrt.o ABSOLUTE
    ../mathlib/sqrt.c                        0x00000000   Number         0  sqrt_x.o ABSOLUTE
    ..\Drivers\CMSIS\Device\ST\STM32F1xx\Source\Templates\startup_stm32f103xb.s 0x00000000   Number         0  startup_stm32f103xb.o ABSOLUTE
    ..\Drivers\CMSIS\Device\ST\STM32F1xx\Source\Templates\system_stm32f1xx.c 0x00000000   Number         0  system_stm32f1xx.o ABSOLUTE
    ..\Drivers\STM32F1xx_HAL_Driver\Src\stm32f1xx_hal.c 0x00000000   Number         0  stm32f1xx_hal.o ABSOLUTE
    ..\Drivers\STM32F1xx_HAL_Driver\Src\stm32f1xx_hal_adc.c 0x00000000   Number         0  stm32f1xx_hal_adc.o ABSOLUTE
    ..\Drivers\STM32F1xx_HAL_Driver\Src\stm32f1xx_hal_adc_ex.c 0x00000000   Number         0  stm32f1xx_hal_adc_ex.o ABSOLUTE
    ..\Drivers\STM32F1xx_HAL_Driver\Src\stm32f1xx_hal_cortex.c 0x00000000   Number         0  stm32f1xx_hal_cortex.o ABSOLUTE
    ..\Drivers\STM32F1xx_HAL_Driver\Src\stm32f1xx_hal_dma.c 0x00000000   Number         0  stm32f1xx_hal_dma.o ABSOLUTE
    ..\Drivers\STM32F1xx_HAL_Driver\Src\stm32f1xx_hal_flash.c 0x00000000   Number         0  stm32f1xx_hal_flash.o ABSOLUTE
    ..\Drivers\STM32F1xx_HAL_Driver\Src\stm32f1xx_hal_flash_ex.c 0x00000000   Number         0  stm32f1xx_hal_flash_ex.o ABSOLUTE
    ..\Drivers\STM32F1xx_HAL_Driver\Src\stm32f1xx_hal_gpio.c 0x00000000   Number         0  stm32f1xx_hal_gpio.o ABSOLUTE
    ..\Drivers\STM32F1xx_HAL_Driver\Src\stm32f1xx_hal_pwr.c 0x00000000   Number         0  stm32f1xx_hal_pwr.o ABSOLUTE
    ..\Drivers\STM32F1xx_HAL_Driver\Src\stm32f1xx_hal_rcc.c 0x00000000   Number         0  stm32f1xx_hal_rcc.o ABSOLUTE
    ..\Drivers\STM32F1xx_HAL_Driver\Src\stm32f1xx_hal_rcc_ex.c 0x00000000   Number         0  stm32f1xx_hal_rcc_ex.o ABSOLUTE
    ..\Drivers\STM32F1xx_HAL_Driver\Src\stm32f1xx_hal_spi.c 0x00000000   Number         0  stm32f1xx_hal_spi.o ABSOLUTE
    ..\Drivers\STM32F1xx_HAL_Driver\Src\stm32f1xx_hal_spi_ex.c 0x00000000   Number         0  stm32f1xx_hal_spi_ex.o ABSOLUTE
    ..\Drivers\STM32F1xx_HAL_Driver\Src\stm32f1xx_hal_tim.c 0x00000000   Number         0  stm32f1xx_hal_tim_1.o ABSOLUTE
    ..\Drivers\STM32F1xx_HAL_Driver\Src\stm32f1xx_hal_tim_ex.c 0x00000000   Number         0  stm32f1xx_hal_tim_ex_1.o ABSOLUTE
    ..\Drivers\STM32F1xx_HAL_Driver\Src\stm32f1xx_hal_uart.c 0x00000000   Number         0  stm32f1xx_hal_uart.o ABSOLUTE
    ..\Src\main.c                            0x00000000   Number         0  main.o ABSOLUTE
    ..\Src\stm32f1xx_hal_msp.c               0x00000000   Number         0  stm32f1xx_hal_msp.o ABSOLUTE
    ..\Src\stm32f1xx_it.c                    0x00000000   Number         0  stm32f1xx_it.o ABSOLUTE
    cdcmple.s                                0x00000000   Number         0  cdcmple.o ABSOLUTE
    cfcmple.s                                0x00000000   Number         0  cfcmple.o ABSOLUTE
    cfrcmple.s                               0x00000000   Number         0  cfrcmple.o ABSOLUTE
    dc.s                                     0x00000000   Number         0  dc.o ABSOLUTE
    handlers.s                               0x00000000   Number         0  handlers.o ABSOLUTE
    init.s                                   0x00000000   Number         0  init.o ABSOLUTE
    RESET                                    0x08000000   Section      236  startup_stm32f103xb.o(RESET)
    .ARM.Collect$$$$00000000                 0x080000ec   Section        0  entry.o(.ARM.Collect$$$$00000000)
    .ARM.Collect$$$$00000001                 0x080000ec   Section        4  entry2.o(.ARM.Collect$$$$00000001)
    .ARM.Collect$$$$00000004                 0x080000f0   Section        4  entry5.o(.ARM.Collect$$$$00000004)
    .ARM.Collect$$$$00000008                 0x080000f4   Section        0  entry7b.o(.ARM.Collect$$$$00000008)
    .ARM.Collect$$$$0000000A                 0x080000f4   Section        0  entry8b.o(.ARM.Collect$$$$0000000A)
    .ARM.Collect$$$$0000000B                 0x080000f4   Section        8  entry9a.o(.ARM.Collect$$$$0000000B)
    .ARM.Collect$$$$0000000D                 0x080000fc   Section        0  entry10a.o(.ARM.Collect$$$$0000000D)
    .ARM.Collect$$$$0000000F                 0x080000fc   Section        0  entry11a.o(.ARM.Collect$$$$0000000F)
    .ARM.Collect$$$$00002712                 0x080000fc   Section        4  entry2.o(.ARM.Collect$$$$00002712)
    __lit__00000000                          0x080000fc   Data           4  entry2.o(.ARM.Collect$$$$00002712)
    .text                                    0x08000100   Section       36  startup_stm32f103xb.o(.text)
    .text                                    0x08000124   Section        0  llushr.o(.text)
    .text                                    0x08000144   Section        0  fadd.o(.text)
    .text                                    0x080001f4   Section        0  fmul.o(.text)
    .text                                    0x08000258   Section        0  fdiv.o(.text)
    .text                                    0x080002d4   Section        0  dmul.o(.text)
    .text                                    0x080003b8   Section        0  ddiv.o(.text)
    .text                                    0x08000496   Section        0  dscalb.o(.text)
    .text                                    0x080004c4   Section        0  ffltui.o(.text)
    .text                                    0x080004ce   Section        0  dflti.o(.text)
    .text                                    0x080004f0   Section        0  dfltui.o(.text)
    .text                                    0x0800050a   Section        0  f2d.o(.text)
    .text                                    0x08000530   Section        0  d2f.o(.text)
    .text                                    0x08000568   Section       20  cfcmple.o(.text)
    .text                                    0x0800057c   Section       20  cfrcmple.o(.text)
    .text                                    0x08000590   Section        0  fepilogue.o(.text)
    .text                                    0x08000590   Section        0  iusefp.o(.text)
    .text                                    0x080005fe   Section        0  depilogue.o(.text)
    .text                                    0x080006b8   Section        0  dadd.o(.text)
    .text                                    0x08000806   Section        0  dsqrt.o(.text)
    .text                                    0x080008a8   Section       36  init.o(.text)
    .text                                    0x080008cc   Section        0  llshl.o(.text)
    .text                                    0x080008ea   Section        0  llsshr.o(.text)
    .text                                    0x0800090e   Section        0  dfixi.o(.text)
    i.ADXL345_ReadRegXyz                     0x0800094c   Section        0  main.o(i.ADXL345_ReadRegXyz)
    i.ADXL345_ReadRegisterValue              0x08000984   Section        0  main.o(i.ADXL345_ReadRegisterValue)
    i.ADXL345_SetRegisterValue               0x080009ec   Section        0  main.o(i.ADXL345_SetRegisterValue)
    ADXL345_SetRegisterValue                 0x080009ed   Thumb Code    90  main.o(i.ADXL345_SetRegisterValue)
    i.ADXL_Init                              0x08000a4c   Section        0  main.o(i.ADXL_Init)
    ADXL_Init                                0x08000a4d   Thumb Code   158  main.o(i.ADXL_Init)
    i.BandPass_Filter                        0x08000aec   Section        0  main.o(i.BandPass_Filter)
    i.Blanking_Leds                          0x08000b80   Section        0  main.o(i.Blanking_Leds)
    i.BusFault_Handler                       0x08000bd4   Section        0  stm32f1xx_it.o(i.BusFault_Handler)
    i.Calc_VelocRSS_Displace                 0x08000bd8   Section        0  main.o(i.Calc_VelocRSS_Displace)
    i.DebugMon_Handler                       0x08000d90   Section        0  stm32f1xx_it.o(i.DebugMon_Handler)
    i.FFT                                    0x08000d94   Section        0  main.o(i.FFT)
    i.GetAccValueFromRAM                     0x08000ff4   Section        0  main.o(i.GetAccValueFromRAM)
    i.GetSamplesToRAM                        0x080010ec   Section        0  main.o(i.GetSamplesToRAM)
    i.HAL_Delay                              0x08001198   Section        0  stm32f1xx_hal.o(i.HAL_Delay)
    i.HAL_GPIO_Init                          0x080011b0   Section        0  stm32f1xx_hal_gpio.o(i.HAL_GPIO_Init)
    i.HAL_GPIO_TogglePin                     0x0800136c   Section        0  stm32f1xx_hal_gpio.o(i.HAL_GPIO_TogglePin)
    i.HAL_GPIO_WritePin                      0x08001374   Section        0  stm32f1xx_hal_gpio.o(i.HAL_GPIO_WritePin)
    i.HAL_GetTick                            0x08001380   Section        0  stm32f1xx_hal.o(i.HAL_GetTick)
    i.HAL_IncTick                            0x0800138c   Section        0  stm32f1xx_hal.o(i.HAL_IncTick)
    i.HAL_Init                               0x0800139c   Section        0  stm32f1xx_hal.o(i.HAL_Init)
    i.HAL_InitTick                           0x080013c0   Section        0  stm32f1xx_hal.o(i.HAL_InitTick)
    i.HAL_MspInit                            0x080013e4   Section        0  stm32f1xx_hal_msp.o(i.HAL_MspInit)
    i.HAL_NVIC_EnableIRQ                     0x08001448   Section        0  stm32f1xx_hal_cortex.o(i.HAL_NVIC_EnableIRQ)
    i.HAL_NVIC_SetPriority                   0x08001460   Section        0  stm32f1xx_hal_cortex.o(i.HAL_NVIC_SetPriority)
    i.HAL_NVIC_SetPriorityGrouping           0x080014a0   Section        0  stm32f1xx_hal_cortex.o(i.HAL_NVIC_SetPriorityGrouping)
    i.HAL_RCC_ClockConfig                    0x080014c4   Section        0  stm32f1xx_hal_rcc.o(i.HAL_RCC_ClockConfig)
    i.HAL_RCC_GetHCLKFreq                    0x0800174c   Section        0  stm32f1xx_hal_rcc.o(i.HAL_RCC_GetHCLKFreq)
    i.HAL_RCC_GetPCLK1Freq                   0x08001780   Section        0  stm32f1xx_hal_rcc.o(i.HAL_RCC_GetPCLK1Freq)
    i.HAL_RCC_GetPCLK2Freq                   0x080017ac   Section        0  stm32f1xx_hal_rcc.o(i.HAL_RCC_GetPCLK2Freq)
    i.HAL_RCC_GetSysClockFreq                0x080017d8   Section        0  stm32f1xx_hal_rcc.o(i.HAL_RCC_GetSysClockFreq)
    i.HAL_RCC_OscConfig                      0x08001860   Section        0  stm32f1xx_hal_rcc.o(i.HAL_RCC_OscConfig)
    i.HAL_SPI_Init                           0x08001e94   Section        0  stm32f1xx_hal_spi_ex.o(i.HAL_SPI_Init)
    i.HAL_SPI_MspInit                        0x08001f1c   Section        0  stm32f1xx_hal_msp.o(i.HAL_SPI_MspInit)
    i.HAL_SYSTICK_CLKSourceConfig            0x08001fac   Section        0  stm32f1xx_hal_cortex.o(i.HAL_SYSTICK_CLKSourceConfig)
    i.HAL_SYSTICK_Callback                   0x08001fc4   Section        0  stm32f1xx_hal_cortex.o(i.HAL_SYSTICK_Callback)
    i.HAL_SYSTICK_Config                     0x08001fc6   Section        0  stm32f1xx_hal_cortex.o(i.HAL_SYSTICK_Config)
    i.HAL_SYSTICK_IRQHandler                 0x08001fee   Section        0  stm32f1xx_hal_cortex.o(i.HAL_SYSTICK_IRQHandler)
    i.HAL_TIMEx_BreakCallback                0x08001ff6   Section        0  stm32f1xx_hal_tim_ex_1.o(i.HAL_TIMEx_BreakCallback)
    i.HAL_TIMEx_CommutationCallback          0x08001ff8   Section        0  stm32f1xx_hal_tim_ex_1.o(i.HAL_TIMEx_CommutationCallback)
    i.HAL_TIMEx_MasterConfigSynchronization  0x08001ffa   Section        0  stm32f1xx_hal_tim_ex_1.o(i.HAL_TIMEx_MasterConfigSynchronization)
    i.HAL_TIM_Base_Init                      0x0800204a   Section        0  stm32f1xx_hal_tim_1.o(i.HAL_TIM_Base_Init)
    i.HAL_TIM_Base_MspInit                   0x08002080   Section        0  main.o(i.HAL_TIM_Base_MspInit)
    i.HAL_TIM_Base_Start_IT                  0x080020bc   Section        0  stm32f1xx_hal_tim_1.o(i.HAL_TIM_Base_Start_IT)
    i.HAL_TIM_Base_Stop_IT                   0x080020d4   Section        0  stm32f1xx_hal_tim_1.o(i.HAL_TIM_Base_Stop_IT)
    i.HAL_TIM_ConfigClockSource              0x080020fe   Section        0  stm32f1xx_hal_tim_1.o(i.HAL_TIM_ConfigClockSource)
    i.HAL_TIM_IC_CaptureCallback             0x080021f0   Section        0  stm32f1xx_hal_tim_1.o(i.HAL_TIM_IC_CaptureCallback)
    i.HAL_TIM_IRQHandler                     0x080021f2   Section        0  stm32f1xx_hal_tim_1.o(i.HAL_TIM_IRQHandler)
    i.HAL_TIM_OC_DelayElapsedCallback        0x08002358   Section        0  stm32f1xx_hal_tim_1.o(i.HAL_TIM_OC_DelayElapsedCallback)
    i.HAL_TIM_PWM_PulseFinishedCallback      0x0800235a   Section        0  stm32f1xx_hal_tim_1.o(i.HAL_TIM_PWM_PulseFinishedCallback)
    i.HAL_TIM_PeriodElapsedCallback          0x0800235c   Section        0  stm32f1xx_hal_tim_1.o(i.HAL_TIM_PeriodElapsedCallback)
    i.HAL_TIM_TriggerCallback                0x0800235e   Section        0  stm32f1xx_hal_tim_1.o(i.HAL_TIM_TriggerCallback)
    i.HAL_UART_Init                          0x08002360   Section        0  stm32f1xx_hal_uart.o(i.HAL_UART_Init)
    i.HAL_UART_MspInit                       0x080023c0   Section        0  stm32f1xx_hal_msp.o(i.HAL_UART_MspInit)
    i.HardFault_Handler                      0x0800241c   Section        0  stm32f1xx_it.o(i.HardFault_Handler)
    i.InitForFFT                             0x08002420   Section        0  main.o(i.InitForFFT)
    i.MX_GPIO_Init                           0x08002484   Section        0  main.o(i.MX_GPIO_Init)
    MX_GPIO_Init                             0x08002485   Thumb Code   248  main.o(i.MX_GPIO_Init)
    i.MX_SPI1_Init                           0x0800258c   Section        0  main.o(i.MX_SPI1_Init)
    i.MX_SPI2_Init                           0x080025c0   Section        0  main.o(i.MX_SPI2_Init)
    MX_SPI2_Init                             0x080025c1   Thumb Code    46  main.o(i.MX_SPI2_Init)
    i.MX_TIM4_Init                           0x080025f8   Section        0  main.o(i.MX_TIM4_Init)
    i.MemManage_Handler                      0x0800264c   Section        0  stm32f1xx_it.o(i.MemManage_Handler)
    i.NMI_Handler                            0x0800264e   Section        0  stm32f1xx_it.o(i.NMI_Handler)
    i.NVIC_SetPriority                       0x08002650   Section        0  stm32f1xx_hal_cortex.o(i.NVIC_SetPriority)
    NVIC_SetPriority                         0x08002651   Thumb Code    32  stm32f1xx_hal_cortex.o(i.NVIC_SetPriority)
    i.SPI1_ReadWriteByte                     0x08002670   Section        0  main.o(i.SPI1_ReadWriteByte)
    i.SPI1_SetSpeed                          0x0800268c   Section        0  main.o(i.SPI1_SetSpeed)
    i.SPI2_ReadWriteByte                     0x080026b4   Section        0  main.o(i.SPI2_ReadWriteByte)
    i.SPI2_SetSpeed                          0x080026d4   Section        0  main.o(i.SPI2_SetSpeed)
    i.SeqnReadRAM                            0x080026fc   Section        0  main.o(i.SeqnReadRAM)
    SeqnReadRAM                              0x080026fd   Thumb Code    84  main.o(i.SeqnReadRAM)
    i.SeqnWriteRAM                           0x08002754   Section        0  main.o(i.SeqnWriteRAM)
    SeqnWriteRAM                             0x08002755   Thumb Code    84  main.o(i.SeqnWriteRAM)
    i.SysTick_Handler                        0x080027ac   Section        0  stm32f1xx_it.o(i.SysTick_Handler)
    i.SystemClock_Config                     0x080027ba   Section        0  main.o(i.SystemClock_Config)
    i.SystemInit                             0x0800281c   Section        0  system_stm32f1xx.o(i.SystemInit)
    i.TIM4_IRQHandler                        0x08002864   Section        0  stm32f1xx_it.o(i.TIM4_IRQHandler)
    i.TIM_Base_SetConfig                     0x08002878   Section        0  stm32f1xx_hal_tim_1.o(i.TIM_Base_SetConfig)
    i.TIM_ETR_SetConfig                      0x080028dc   Section        0  stm32f1xx_hal_tim_1.o(i.TIM_ETR_SetConfig)
    TIM_ETR_SetConfig                        0x080028dd   Thumb Code    20  stm32f1xx_hal_tim_1.o(i.TIM_ETR_SetConfig)
    i.TIM_ITRx_SetConfig                     0x080028f0   Section        0  stm32f1xx_hal_tim_1.o(i.TIM_ITRx_SetConfig)
    TIM_ITRx_SetConfig                       0x080028f1   Thumb Code    16  stm32f1xx_hal_tim_1.o(i.TIM_ITRx_SetConfig)
    i.TIM_TI1_ConfigInputStage               0x08002900   Section        0  stm32f1xx_hal_tim_1.o(i.TIM_TI1_ConfigInputStage)
    TIM_TI1_ConfigInputStage                 0x08002901   Thumb Code    34  stm32f1xx_hal_tim_1.o(i.TIM_TI1_ConfigInputStage)
    i.TIM_TI2_ConfigInputStage               0x08002922   Section        0  stm32f1xx_hal_tim_1.o(i.TIM_TI2_ConfigInputStage)
    TIM_TI2_ConfigInputStage                 0x08002923   Thumb Code    36  stm32f1xx_hal_tim_1.o(i.TIM_TI2_ConfigInputStage)
    i.UART_SetConfig                         0x08002948   Section        0  stm32f1xx_hal_uart.o(i.UART_SetConfig)
    UART_SetConfig                           0x08002949   Thumb Code   220  stm32f1xx_hal_uart.o(i.UART_SetConfig)
    i.UsageFault_Handler                     0x08002a28   Section        0  stm32f1xx_it.o(i.UsageFault_Handler)
    i.__ARM_fpclassify                       0x08002a2a   Section        0  fpclassify.o(i.__ARM_fpclassify)
    i.__ieee754_rem_pio2                     0x08002a54   Section        0  rred.o(i.__ieee754_rem_pio2)
    i.__kernel_cos                           0x08002ddc   Section        0  cos_i.o(i.__kernel_cos)
    i.__kernel_poly                          0x08002ed8   Section        0  poly.o(i.__kernel_poly)
    i.__kernel_sin                           0x08002f84   Section        0  sin_i.o(i.__kernel_sin)
    i.__mathlib_dbl_infnan                   0x08003070   Section        0  dunder.o(i.__mathlib_dbl_infnan)
    i.__mathlib_dbl_invalid                  0x08003076   Section        0  dunder.o(i.__mathlib_dbl_invalid)
    i.__mathlib_dbl_underflow                0x08003084   Section        0  dunder.o(i.__mathlib_dbl_underflow)
    i.__scatterload_copy                     0x08003094   Section       14  handlers.o(i.__scatterload_copy)
    i.__scatterload_null                     0x080030a2   Section        2  handlers.o(i.__scatterload_null)
    i.__scatterload_zeroinit                 0x080030a4   Section       14  handlers.o(i.__scatterload_zeroinit)
    i.__set_errno                            0x080030b4   Section        0  errno.o(i.__set_errno)
    i.atan                                   0x080030c0   Section        0  atan.o(i.atan)
    i.cos                                    0x080032e0   Section        0  cos.o(i.cos)
    i.delay_ms                               0x0800337c   Section        0  main.o(i.delay_ms)
    delay_ms                                 0x0800337d   Thumb Code    34  main.o(i.delay_ms)
    i.main                                   0x080033a4   Section        0  main.o(i.main)
    i.sin                                    0x0800350c   Section        0  sin.o(i.sin)
    i.sqrt                                   0x080035ac   Section        0  sqrt.o(i.sqrt)
    .constdata                               0x080035f8   Section       16  stm32f1xx_hal_rcc.o(.constdata)
    .constdata                               0x08003608   Section      152  atan.o(.constdata)
    atanhi                                   0x08003608   Data          32  atan.o(.constdata)
    atanlo                                   0x08003628   Data          32  atan.o(.constdata)
    aTodd                                    0x08003648   Data          40  atan.o(.constdata)
    aTeven                                   0x08003670   Data          48  atan.o(.constdata)
    .constdata                               0x080036a0   Section       48  cos_i.o(.constdata)
    C                                        0x080036a0   Data          48  cos_i.o(.constdata)
    .constdata                               0x080036d0   Section      200  rred.o(.constdata)
    pio2s                                    0x080036d0   Data          48  rred.o(.constdata)
    twooverpi                                0x08003700   Data         152  rred.o(.constdata)
    .constdata                               0x08003798   Section       40  sin_i.o(.constdata)
    S                                        0x08003798   Data          40  sin_i.o(.constdata)
    .data                                    0x20000000   Section        4  system_stm32f1xx.o(.data)
    .data                                    0x20000004   Section       84  main.o(.data)
    .data                                    0x20000058   Section        1  stm32f1xx_hal_spi_ex.o(.data)
    .data                                    0x2000005c   Section        4  stm32f1xx_hal.o(.data)
    uwTick                                   0x2000005c   Data           4  stm32f1xx_hal.o(.data)
    .data                                    0x20000060   Section        4  errno.o(.data)
    _errno                                   0x20000060   Data           4  errno.o(.data)
    .bss                                     0x20000064   Section    16700  main.o(.bss)
    STACK                                    0x200041a0   Section     1024  startup_stm32f103xb.o(STACK)

    Global Symbols

    Symbol Name                              Value     Ov Type        Size  Object(Section)

    BuildAttributes$$THM_ISAv4$P$D$K$B$S$PE$A:L22UL41UL21$X:L11$S22US41US21$IEEE1$IW$USESV6$~STKCKD$USESV7$~SHL$OTIME$ROPI$IEEEX$EBA8$MICROLIB$REQ8$PRES8$EABIv2 0x00000000   Number         0  anon$$obj.o ABSOLUTE
    __ARM_use_no_argv                        0x00000000   Number         0  main.o ABSOLUTE
    __cpp_initialize__aeabi_                  - Undefined Weak Reference
    __cxa_finalize                            - Undefined Weak Reference
    __decompress                              - Undefined Weak Reference
    _clock_init                               - Undefined Weak Reference
    _microlib_exit                            - Undefined Weak Reference
    __Vectors_Size                           0x000000ec   Number         0  startup_stm32f103xb.o ABSOLUTE
    __Vectors                                0x08000000   Data           4  startup_stm32f103xb.o(RESET)
    __Vectors_End                            0x080000ec   Data           0  startup_stm32f103xb.o(RESET)
    __main                                   0x080000ed   Thumb Code     0  entry.o(.ARM.Collect$$$$00000000)
    _main_stk                                0x080000ed   Thumb Code     0  entry2.o(.ARM.Collect$$$$00000001)
    _main_scatterload                        0x080000f1   Thumb Code     0  entry5.o(.ARM.Collect$$$$00000004)
    __main_after_scatterload                 0x080000f5   Thumb Code     0  entry5.o(.ARM.Collect$$$$00000004)
    _main_clock                              0x080000f5   Thumb Code     0  entry7b.o(.ARM.Collect$$$$00000008)
    _main_cpp_init                           0x080000f5   Thumb Code     0  entry8b.o(.ARM.Collect$$$$0000000A)
    _main_init                               0x080000f5   Thumb Code     0  entry9a.o(.ARM.Collect$$$$0000000B)
    __rt_final_cpp                           0x080000fd   Thumb Code     0  entry10a.o(.ARM.Collect$$$$0000000D)
    __rt_final_exit                          0x080000fd   Thumb Code     0  entry11a.o(.ARM.Collect$$$$0000000F)
    Reset_Handler                            0x08000101   Thumb Code     8  startup_stm32f103xb.o(.text)
    SVC_Handler                              0x08000113   Thumb Code     2  startup_stm32f103xb.o(.text)
    PendSV_Handler                           0x08000117   Thumb Code     2  startup_stm32f103xb.o(.text)
    ADC1_2_IRQHandler                        0x0800011b   Thumb Code     0  startup_stm32f103xb.o(.text)
    CAN1_RX1_IRQHandler                      0x0800011b   Thumb Code     0  startup_stm32f103xb.o(.text)
    CAN1_SCE_IRQHandler                      0x0800011b   Thumb Code     0  startup_stm32f103xb.o(.text)
    DMA1_Channel1_IRQHandler                 0x0800011b   Thumb Code     0  startup_stm32f103xb.o(.text)
    DMA1_Channel2_IRQHandler                 0x0800011b   Thumb Code     0  startup_stm32f103xb.o(.text)
    DMA1_Channel3_IRQHandler                 0x0800011b   Thumb Code     0  startup_stm32f103xb.o(.text)
    DMA1_Channel4_IRQHandler                 0x0800011b   Thumb Code     0  startup_stm32f103xb.o(.text)
    DMA1_Channel5_IRQHandler                 0x0800011b   Thumb Code     0  startup_stm32f103xb.o(.text)
    DMA1_Channel6_IRQHandler                 0x0800011b   Thumb Code     0  startup_stm32f103xb.o(.text)
    DMA1_Channel7_IRQHandler                 0x0800011b   Thumb Code     0  startup_stm32f103xb.o(.text)
    EXTI0_IRQHandler                         0x0800011b   Thumb Code     0  startup_stm32f103xb.o(.text)
    EXTI15_10_IRQHandler                     0x0800011b   Thumb Code     0  startup_stm32f103xb.o(.text)
    EXTI1_IRQHandler                         0x0800011b   Thumb Code     0  startup_stm32f103xb.o(.text)
    EXTI2_IRQHandler                         0x0800011b   Thumb Code     0  startup_stm32f103xb.o(.text)
    EXTI3_IRQHandler                         0x0800011b   Thumb Code     0  startup_stm32f103xb.o(.text)
    EXTI4_IRQHandler                         0x0800011b   Thumb Code     0  startup_stm32f103xb.o(.text)
    EXTI9_5_IRQHandler                       0x0800011b   Thumb Code     0  startup_stm32f103xb.o(.text)
    FLASH_IRQHandler                         0x0800011b   Thumb Code     0  startup_stm32f103xb.o(.text)
    I2C1_ER_IRQHandler                       0x0800011b   Thumb Code     0  startup_stm32f103xb.o(.text)
    I2C1_EV_IRQHandler                       0x0800011b   Thumb Code     0  startup_stm32f103xb.o(.text)
    I2C2_ER_IRQHandler                       0x0800011b   Thumb Code     0  startup_stm32f103xb.o(.text)
    I2C2_EV_IRQHandler                       0x0800011b   Thumb Code     0  startup_stm32f103xb.o(.text)
    PVD_IRQHandler                           0x0800011b   Thumb Code     0  startup_stm32f103xb.o(.text)
    RCC_IRQHandler                           0x0800011b   Thumb Code     0  startup_stm32f103xb.o(.text)
    RTC_Alarm_IRQHandler                     0x0800011b   Thumb Code     0  startup_stm32f103xb.o(.text)
    RTC_IRQHandler                           0x0800011b   Thumb Code     0  startup_stm32f103xb.o(.text)
    SPI1_IRQHandler                          0x0800011b   Thumb Code     0  startup_stm32f103xb.o(.text)
    SPI2_IRQHandler                          0x0800011b   Thumb Code     0  startup_stm32f103xb.o(.text)
    TAMPER_IRQHandler                        0x0800011b   Thumb Code     0  startup_stm32f103xb.o(.text)
    TIM1_BRK_IRQHandler                      0x0800011b   Thumb Code     0  startup_stm32f103xb.o(.text)
    TIM1_CC_IRQHandler                       0x0800011b   Thumb Code     0  startup_stm32f103xb.o(.text)
    TIM1_TRG_COM_IRQHandler                  0x0800011b   Thumb Code     0  startup_stm32f103xb.o(.text)
    TIM1_UP_IRQHandler                       0x0800011b   Thumb Code     0  startup_stm32f103xb.o(.text)
    TIM2_IRQHandler                          0x0800011b   Thumb Code     0  startup_stm32f103xb.o(.text)
    TIM3_IRQHandler                          0x0800011b   Thumb Code     0  startup_stm32f103xb.o(.text)
    USART1_IRQHandler                        0x0800011b   Thumb Code     0  startup_stm32f103xb.o(.text)
    USART2_IRQHandler                        0x0800011b   Thumb Code     0  startup_stm32f103xb.o(.text)
    USART3_IRQHandler                        0x0800011b   Thumb Code     0  startup_stm32f103xb.o(.text)
    USBWakeUp_IRQHandler                     0x0800011b   Thumb Code     0  startup_stm32f103xb.o(.text)
    USB_HP_CAN1_TX_IRQHandler                0x0800011b   Thumb Code     0  startup_stm32f103xb.o(.text)
    USB_LP_CAN1_RX0_IRQHandler               0x0800011b   Thumb Code     0  startup_stm32f103xb.o(.text)
    WWDG_IRQHandler                          0x0800011b   Thumb Code     0  startup_stm32f103xb.o(.text)
    __aeabi_llsr                             0x08000125   Thumb Code    32  llushr.o(.text)
    _ll_ushift_r                             0x08000125   Thumb Code     0  llushr.o(.text)
    __aeabi_fadd                             0x08000145   Thumb Code   164  fadd.o(.text)
    __aeabi_fsub                             0x080001e9   Thumb Code     6  fadd.o(.text)
    __aeabi_frsub                            0x080001ef   Thumb Code     6  fadd.o(.text)
    __aeabi_fmul                             0x080001f5   Thumb Code   100  fmul.o(.text)
    __aeabi_fdiv                             0x08000259   Thumb Code   124  fdiv.o(.text)
    __aeabi_dmul                             0x080002d5   Thumb Code   228  dmul.o(.text)
    __aeabi_ddiv                             0x080003b9   Thumb Code   222  ddiv.o(.text)
    __ARM_scalbn                             0x08000497   Thumb Code    46  dscalb.o(.text)
    scalbn                                   0x08000497   Thumb Code     0  dscalb.o(.text)
    __aeabi_ui2f                             0x080004c5   Thumb Code    10  ffltui.o(.text)
    __aeabi_i2d                              0x080004cf   Thumb Code    34  dflti.o(.text)
    __aeabi_ui2d                             0x080004f1   Thumb Code    26  dfltui.o(.text)
    __aeabi_f2d                              0x0800050b   Thumb Code    38  f2d.o(.text)
    __aeabi_d2f                              0x08000531   Thumb Code    56  d2f.o(.text)
    __aeabi_cfcmpeq                          0x08000569   Thumb Code     0  cfcmple.o(.text)
    __aeabi_cfcmple                          0x08000569   Thumb Code    20  cfcmple.o(.text)
    __aeabi_cfrcmple                         0x0800057d   Thumb Code    20  cfrcmple.o(.text)
    __I$use$fp                               0x08000591   Thumb Code     0  iusefp.o(.text)
    _float_round                             0x08000591   Thumb Code    18  fepilogue.o(.text)
    _float_epilogue                          0x080005a3   Thumb Code    92  fepilogue.o(.text)
    _double_round                            0x080005ff   Thumb Code    30  depilogue.o(.text)
    _double_epilogue                         0x0800061d   Thumb Code   156  depilogue.o(.text)
    __aeabi_dadd                             0x080006b9   Thumb Code   322  dadd.o(.text)
    __aeabi_dsub                             0x080007fb   Thumb Code     6  dadd.o(.text)
    __aeabi_drsub                            0x08000801   Thumb Code     6  dadd.o(.text)
    _dsqrt                                   0x08000807   Thumb Code   162  dsqrt.o(.text)
    __scatterload                            0x080008a9   Thumb Code    28  init.o(.text)
    __scatterload_rt2                        0x080008a9   Thumb Code     0  init.o(.text)
    __aeabi_llsl                             0x080008cd   Thumb Code    30  llshl.o(.text)
    _ll_shift_l                              0x080008cd   Thumb Code     0  llshl.o(.text)
    __aeabi_lasr                             0x080008eb   Thumb Code    36  llsshr.o(.text)
    _ll_sshift_r                             0x080008eb   Thumb Code     0  llsshr.o(.text)
    __aeabi_d2iz                             0x0800090f   Thumb Code    62  dfixi.o(.text)
    ADXL345_ReadRegXyz                       0x0800094d   Thumb Code    54  main.o(i.ADXL345_ReadRegXyz)
    ADXL345_ReadRegisterValue                0x08000985   Thumb Code    98  main.o(i.ADXL345_ReadRegisterValue)
    BandPass_Filter                          0x08000aed   Thumb Code   146  main.o(i.BandPass_Filter)
    Blanking_Leds                            0x08000b81   Thumb Code    78  main.o(i.Blanking_Leds)
    BusFault_Handler                         0x08000bd5   Thumb Code     2  stm32f1xx_it.o(i.BusFault_Handler)
    Calc_VelocRSS_Displace                   0x08000bd9   Thumb Code   404  main.o(i.Calc_VelocRSS_Displace)
    DebugMon_Handler                         0x08000d91   Thumb Code     2  stm32f1xx_it.o(i.DebugMon_Handler)
    FFT                                      0x08000d95   Thumb Code   592  main.o(i.FFT)
    GetAccValueFromRAM                       0x08000ff5   Thumb Code   232  main.o(i.GetAccValueFromRAM)
    GetSamplesToRAM                          0x080010ed   Thumb Code   150  main.o(i.GetSamplesToRAM)
    HAL_Delay                                0x08001199   Thumb Code    22  stm32f1xx_hal.o(i.HAL_Delay)
    HAL_GPIO_Init                            0x080011b1   Thumb Code   408  stm32f1xx_hal_gpio.o(i.HAL_GPIO_Init)
    HAL_GPIO_TogglePin                       0x0800136d   Thumb Code     8  stm32f1xx_hal_gpio.o(i.HAL_GPIO_TogglePin)
    HAL_GPIO_WritePin                        0x08001375   Thumb Code    10  stm32f1xx_hal_gpio.o(i.HAL_GPIO_WritePin)
    HAL_GetTick                              0x08001381   Thumb Code     6  stm32f1xx_hal.o(i.HAL_GetTick)
    HAL_IncTick                              0x0800138d   Thumb Code    10  stm32f1xx_hal.o(i.HAL_IncTick)
    HAL_Init                                 0x0800139d   Thumb Code    32  stm32f1xx_hal.o(i.HAL_Init)
    HAL_InitTick                             0x080013c1   Thumb Code    34  stm32f1xx_hal.o(i.HAL_InitTick)
    HAL_MspInit                              0x080013e5   Thumb Code    96  stm32f1xx_hal_msp.o(i.HAL_MspInit)
    HAL_NVIC_EnableIRQ                       0x08001449   Thumb Code    22  stm32f1xx_hal_cortex.o(i.HAL_NVIC_EnableIRQ)
    HAL_NVIC_SetPriority                     0x08001461   Thumb Code    60  stm32f1xx_hal_cortex.o(i.HAL_NVIC_SetPriority)
    HAL_NVIC_SetPriorityGrouping             0x080014a1   Thumb Code    26  stm32f1xx_hal_cortex.o(i.HAL_NVIC_SetPriorityGrouping)
    HAL_RCC_ClockConfig                      0x080014c5   Thumb Code   638  stm32f1xx_hal_rcc.o(i.HAL_RCC_ClockConfig)
    HAL_RCC_GetHCLKFreq                      0x0800174d   Thumb Code    38  stm32f1xx_hal_rcc.o(i.HAL_RCC_GetHCLKFreq)
    HAL_RCC_GetPCLK1Freq                     0x08001781   Thumb Code    36  stm32f1xx_hal_rcc.o(i.HAL_RCC_GetPCLK1Freq)
    HAL_RCC_GetPCLK2Freq                     0x080017ad   Thumb Code    36  stm32f1xx_hal_rcc.o(i.HAL_RCC_GetPCLK2Freq)
    HAL_RCC_GetSysClockFreq                  0x080017d9   Thumb Code   102  stm32f1xx_hal_rcc.o(i.HAL_RCC_GetSysClockFreq)
    HAL_RCC_OscConfig                        0x08001861   Thumb Code  1586  stm32f1xx_hal_rcc.o(i.HAL_RCC_OscConfig)
    HAL_SPI_Init                             0x08001e95   Thumb Code   132  stm32f1xx_hal_spi_ex.o(i.HAL_SPI_Init)
    HAL_SPI_MspInit                          0x08001f1d   Thumb Code   122  stm32f1xx_hal_msp.o(i.HAL_SPI_MspInit)
    HAL_SYSTICK_CLKSourceConfig              0x08001fad   Thumb Code    24  stm32f1xx_hal_cortex.o(i.HAL_SYSTICK_CLKSourceConfig)
    HAL_SYSTICK_Callback                     0x08001fc5   Thumb Code     2  stm32f1xx_hal_cortex.o(i.HAL_SYSTICK_Callback)
    HAL_SYSTICK_Config                       0x08001fc7   Thumb Code    40  stm32f1xx_hal_cortex.o(i.HAL_SYSTICK_Config)
    HAL_SYSTICK_IRQHandler                   0x08001fef   Thumb Code     8  stm32f1xx_hal_cortex.o(i.HAL_SYSTICK_IRQHandler)
    HAL_TIMEx_BreakCallback                  0x08001ff7   Thumb Code     2  stm32f1xx_hal_tim_ex_1.o(i.HAL_TIMEx_BreakCallback)
    HAL_TIMEx_CommutationCallback            0x08001ff9   Thumb Code     2  stm32f1xx_hal_tim_ex_1.o(i.HAL_TIMEx_CommutationCallback)
    HAL_TIMEx_MasterConfigSynchronization    0x08001ffb   Thumb Code    80  stm32f1xx_hal_tim_ex_1.o(i.HAL_TIMEx_MasterConfigSynchronization)
    HAL_TIM_Base_Init                        0x0800204b   Thumb Code    54  stm32f1xx_hal_tim_1.o(i.HAL_TIM_Base_Init)
    HAL_TIM_Base_MspInit                     0x08002081   Thumb Code    50  main.o(i.HAL_TIM_Base_MspInit)
    HAL_TIM_Base_Start_IT                    0x080020bd   Thumb Code    24  stm32f1xx_hal_tim_1.o(i.HAL_TIM_Base_Start_IT)
    HAL_TIM_Base_Stop_IT                     0x080020d5   Thumb Code    42  stm32f1xx_hal_tim_1.o(i.HAL_TIM_Base_Stop_IT)
    HAL_TIM_ConfigClockSource                0x080020ff   Thumb Code   242  stm32f1xx_hal_tim_1.o(i.HAL_TIM_ConfigClockSource)
    HAL_TIM_IC_CaptureCallback               0x080021f1   Thumb Code     2  stm32f1xx_hal_tim_1.o(i.HAL_TIM_IC_CaptureCallback)
    HAL_TIM_IRQHandler                       0x080021f3   Thumb Code   358  stm32f1xx_hal_tim_1.o(i.HAL_TIM_IRQHandler)
    HAL_TIM_OC_DelayElapsedCallback          0x08002359   Thumb Code     2  stm32f1xx_hal_tim_1.o(i.HAL_TIM_OC_DelayElapsedCallback)
    HAL_TIM_PWM_PulseFinishedCallback        0x0800235b   Thumb Code     2  stm32f1xx_hal_tim_1.o(i.HAL_TIM_PWM_PulseFinishedCallback)
    HAL_TIM_PeriodElapsedCallback            0x0800235d   Thumb Code     2  stm32f1xx_hal_tim_1.o(i.HAL_TIM_PeriodElapsedCallback)
    HAL_TIM_TriggerCallback                  0x0800235f   Thumb Code     2  stm32f1xx_hal_tim_1.o(i.HAL_TIM_TriggerCallback)
    HAL_UART_Init                            0x08002361   Thumb Code    94  stm32f1xx_hal_uart.o(i.HAL_UART_Init)
    HAL_UART_MspInit                         0x080023c1   Thumb Code    78  stm32f1xx_hal_msp.o(i.HAL_UART_MspInit)
    HardFault_Handler                        0x0800241d   Thumb Code     2  stm32f1xx_it.o(i.HardFault_Handler)
    InitForFFT                               0x08002421   Thumb Code    88  main.o(i.InitForFFT)
    MX_SPI1_Init                             0x0800258d   Thumb Code    44  main.o(i.MX_SPI1_Init)
    MX_TIM4_Init                             0x080025f9   Thumb Code    74  main.o(i.MX_TIM4_Init)
    MemManage_Handler                        0x0800264d   Thumb Code     2  stm32f1xx_it.o(i.MemManage_Handler)
    NMI_Handler                              0x0800264f   Thumb Code     2  stm32f1xx_it.o(i.NMI_Handler)
    SPI1_ReadWriteByte                       0x08002671   Thumb Code    22  main.o(i.SPI1_ReadWriteByte)
    SPI1_SetSpeed                            0x0800268d   Thumb Code    34  main.o(i.SPI1_SetSpeed)
    SPI2_ReadWriteByte                       0x080026b5   Thumb Code    26  main.o(i.SPI2_ReadWriteByte)
    SPI2_SetSpeed                            0x080026d5   Thumb Code    34  main.o(i.SPI2_SetSpeed)
    SysTick_Handler                          0x080027ad   Thumb Code    14  stm32f1xx_it.o(i.SysTick_Handler)
    SystemClock_Config                       0x080027bb   Thumb Code    96  main.o(i.SystemClock_Config)
    SystemInit                               0x0800281d   Thumb Code    56  system_stm32f1xx.o(i.SystemInit)
    TIM4_IRQHandler                          0x08002865   Thumb Code    12  stm32f1xx_it.o(i.TIM4_IRQHandler)
    TIM_Base_SetConfig                       0x08002879   Thumb Code    86  stm32f1xx_hal_tim_1.o(i.TIM_Base_SetConfig)
    UsageFault_Handler                       0x08002a29   Thumb Code     2  stm32f1xx_it.o(i.UsageFault_Handler)
    __ARM_fpclassify                         0x08002a2b   Thumb Code    40  fpclassify.o(i.__ARM_fpclassify)
    __ieee754_rem_pio2                       0x08002a55   Thumb Code   828  rred.o(i.__ieee754_rem_pio2)
    __kernel_cos                             0x08002ddd   Thumb Code   230  cos_i.o(i.__kernel_cos)
    __kernel_poly                            0x08002ed9   Thumb Code   170  poly.o(i.__kernel_poly)
    __kernel_sin                             0x08002f85   Thumb Code   224  sin_i.o(i.__kernel_sin)
    __mathlib_dbl_infnan                     0x08003071   Thumb Code     6  dunder.o(i.__mathlib_dbl_infnan)
    __mathlib_dbl_invalid                    0x08003077   Thumb Code    12  dunder.o(i.__mathlib_dbl_invalid)
    __mathlib_dbl_underflow                  0x08003085   Thumb Code    10  dunder.o(i.__mathlib_dbl_underflow)
    __scatterload_copy                       0x08003095   Thumb Code    14  handlers.o(i.__scatterload_copy)
    __scatterload_null                       0x080030a3   Thumb Code     2  handlers.o(i.__scatterload_null)
    __scatterload_zeroinit                   0x080030a5   Thumb Code    14  handlers.o(i.__scatterload_zeroinit)
    __set_errno                              0x080030b5   Thumb Code     6  errno.o(i.__set_errno)
    atan                                     0x080030c1   Thumb Code   474  atan.o(i.atan)
    cos                                      0x080032e1   Thumb Code   148  cos.o(i.cos)
    main                                     0x080033a5   Thumb Code   326  main.o(i.main)
    sin                                      0x0800350d   Thumb Code   150  sin.o(i.sin)
    sqrt                                     0x080035ad   Thumb Code    76  sqrt.o(i.sqrt)
    aAPBAHBPrescTable                        0x080035f8   Data          16  stm32f1xx_hal_rcc.o(.constdata)
    Region$$Table$$Base                      0x080037c0   Number         0  anon$$obj.o(Region$$Table)
    Region$$Table$$Limit                     0x080037e0   Number         0  anon$$obj.o(Region$$Table)
    SystemCoreClock                          0x20000000   Data           4  system_stm32f1xx.o(.data)
    TIMcounter                               0x20000004   Data           1  main.o(.data)
    X_Freq                                   0x20000008   Data           4  main.o(.data)
    Y_Freq                                   0x2000000c   Data           4  main.o(.data)
    Z_Freq                                   0x20000010   Data           4  main.o(.data)
    X_Vec                                    0x20000014   Data           4  main.o(.data)
    Y_Vec                                    0x20000018   Data           4  main.o(.data)
    Z_Vec                                    0x2000001c   Data           4  main.o(.data)
    X_Displ                                  0x20000020   Data           4  main.o(.data)
    Y_Displ                                  0x20000024   Data           4  main.o(.data)
    Z_Displ                                  0x20000028   Data           4  main.o(.data)
    w                                        0x2000002c   Data           4  main.o(.data)
    max01                                    0x20000030   Data           4  main.o(.data)
    max02                                    0x20000034   Data           4  main.o(.data)
    Index01                                  0x20000038   Data           4  main.o(.data)
    Index02                                  0x2000003c   Data           4  main.o(.data)
    freq01                                   0x20000040   Data           4  main.o(.data)
    freq02                                   0x20000044   Data           4  main.o(.data)
    veloc01                                  0x20000048   Data           4  main.o(.data)
    veloc02                                  0x2000004c   Data           4  main.o(.data)
    displace                                 0x20000050   Data           4  main.o(.data)
    calc_len                                 0x20000054   Data           4  main.o(.data)
    uCRCErrorWorkaroundCheck                 0x20000058   Data           1  stm32f1xx_hal_spi_ex.o(.data)
    htim4                                    0x20000064   Data          60  main.o(.bss)
    hspi1                                    0x200000a0   Data          88  main.o(.bss)
    hspi2                                    0x200000f8   Data          88  main.o(.bss)
    huart1                                   0x20000150   Data          64  main.o(.bss)
    CharBuf                                  0x20000190   Data          10  main.o(.bss)
    ReadBuf                                  0x2000019a   Data        1024  main.o(.bss)
    INPUT                                    0x2000059c   Data        2048  main.o(.bss)
    sin_tab                                  0x20000d9c   Data        2048  main.o(.bss)
    cos_tab                                  0x2000159c   Data        2048  main.o(.bss)
    dataR                                    0x20001d9c   Data        2048  main.o(.bss)
    dataI                                    0x2000259c   Data        2048  main.o(.bss)
    phase                                    0x20002d9c   Data        1024  main.o(.bss)
    Vec                                      0x2000319c   Data        1024  main.o(.bss)
    RssV                                     0x2000359c   Data        1028  main.o(.bss)
    ssm01                                    0x200039a0   Data        1024  main.o(.bss)
    ssm02                                    0x20003da0   Data        1024  main.o(.bss)
    __initial_sp                             0x200045a0   Data           0  startup_stm32f103xb.o(STACK)



==============================================================================

Memory Map of the image

  Image Entry point : 0x080000ed

  Load Region LR_IROM1 (Base: 0x08000000, Size: 0x00003844, Max: 0x00010000, ABSOLUTE)

    Execution Region ER_IROM1 (Base: 0x08000000, Size: 0x000037e0, Max: 0x00010000, ABSOLUTE)

    Base Addr    Size         Type   Attr      Idx    E Section Name        Object

    0x08000000   0x000000ec   Data   RO          132    RESET               startup_stm32f103xb.o
    0x080000ec   0x00000000   Code   RO         2996  * .ARM.Collect$$$$00000000  mc_w.l(entry.o)
    0x080000ec   0x00000004   Code   RO         3059    .ARM.Collect$$$$00000001  mc_w.l(entry2.o)
    0x080000f0   0x00000004   Code   RO         3062    .ARM.Collect$$$$00000004  mc_w.l(entry5.o)
    0x080000f4   0x00000000   Code   RO         3064    .ARM.Collect$$$$00000008  mc_w.l(entry7b.o)
    0x080000f4   0x00000000   Code   RO         3066    .ARM.Collect$$$$0000000A  mc_w.l(entry8b.o)
    0x080000f4   0x00000008   Code   RO         3067    .ARM.Collect$$$$0000000B  mc_w.l(entry9a.o)
    0x080000fc   0x00000000   Code   RO         3069    .ARM.Collect$$$$0000000D  mc_w.l(entry10a.o)
    0x080000fc   0x00000000   Code   RO         3071    .ARM.Collect$$$$0000000F  mc_w.l(entry11a.o)
    0x080000fc   0x00000004   Code   RO         3060    .ARM.Collect$$$$00002712  mc_w.l(entry2.o)
    0x08000100   0x00000024   Code   RO          133    .text               startup_stm32f103xb.o
    0x08000124   0x00000020   Code   RO         2999    .text               mc_w.l(llushr.o)
    0x08000144   0x000000b0   Code   RO         3001    .text               mf_w.l(fadd.o)
    0x080001f4   0x00000064   Code   RO         3003    .text               mf_w.l(fmul.o)
    0x08000258   0x0000007c   Code   RO         3005    .text               mf_w.l(fdiv.o)
    0x080002d4   0x000000e4   Code   RO         3007    .text               mf_w.l(dmul.o)
    0x080003b8   0x000000de   Code   RO         3009    .text               mf_w.l(ddiv.o)
    0x08000496   0x0000002e   Code   RO         3011    .text               mf_w.l(dscalb.o)
    0x080004c4   0x0000000a   Code   RO         3013    .text               mf_w.l(ffltui.o)
    0x080004ce   0x00000022   Code   RO         3015    .text               mf_w.l(dflti.o)
    0x080004f0   0x0000001a   Code   RO         3017    .text               mf_w.l(dfltui.o)
    0x0800050a   0x00000026   Code   RO         3019    .text               mf_w.l(f2d.o)
    0x08000530   0x00000038   Code   RO         3021    .text               mf_w.l(d2f.o)
    0x08000568   0x00000014   Code   RO         3023    .text               mf_w.l(cfcmple.o)
    0x0800057c   0x00000014   Code   RO         3025    .text               mf_w.l(cfrcmple.o)
    0x08000590   0x00000000   Code   RO         3080    .text               mc_w.l(iusefp.o)
    0x08000590   0x0000006e   Code   RO         3081    .text               mf_w.l(fepilogue.o)
    0x080005fe   0x000000ba   Code   RO         3083    .text               mf_w.l(depilogue.o)
    0x080006b8   0x0000014e   Code   RO         3085    .text               mf_w.l(dadd.o)
    0x08000806   0x000000a2   Code   RO         3087    .text               mf_w.l(dsqrt.o)
    0x080008a8   0x00000024   Code   RO         3091    .text               mc_w.l(init.o)
    0x080008cc   0x0000001e   Code   RO         3093    .text               mc_w.l(llshl.o)
    0x080008ea   0x00000024   Code   RO         3095    .text               mc_w.l(llsshr.o)
    0x0800090e   0x0000003e   Code   RO         3097    .text               mf_w.l(dfixi.o)
    0x0800094c   0x00000036   Code   RO          140    i.ADXL345_ReadRegXyz  main.o
    0x08000982   0x00000002   PAD
    0x08000984   0x00000068   Code   RO          141    i.ADXL345_ReadRegisterValue  main.o
    0x080009ec   0x00000060   Code   RO          142    i.ADXL345_SetRegisterValue  main.o
    0x08000a4c   0x0000009e   Code   RO          143    i.ADXL_Init         main.o
    0x08000aea   0x00000002   PAD
    0x08000aec   0x00000092   Code   RO          144    i.BandPass_Filter   main.o
    0x08000b7e   0x00000002   PAD
    0x08000b80   0x00000054   Code   RO          145    i.Blanking_Leds     main.o
    0x08000bd4   0x00000002   Code   RO          332    i.BusFault_Handler  stm32f1xx_it.o
    0x08000bd6   0x00000002   PAD
    0x08000bd8   0x000001b8   Code   RO          146    i.Calc_VelocRSS_Displace  main.o
    0x08000d90   0x00000002   Code   RO          333    i.DebugMon_Handler  stm32f1xx_it.o
    0x08000d92   0x00000002   PAD
    0x08000d94   0x00000260   Code   RO          147    i.FFT               main.o
    0x08000ff4   0x000000f8   Code   RO          148    i.GetAccValueFromRAM  main.o
    0x080010ec   0x000000ac   Code   RO          149    i.GetSamplesToRAM   main.o
    0x08001198   0x00000016   Code   RO         2428    i.HAL_Delay         stm32f1xx_hal.o
    0x080011ae   0x00000002   PAD
    0x080011b0   0x000001bc   Code   RO          915    i.HAL_GPIO_Init     stm32f1xx_hal_gpio.o
    0x0800136c   0x00000008   Code   RO          918    i.HAL_GPIO_TogglePin  stm32f1xx_hal_gpio.o
    0x08001374   0x0000000a   Code   RO          919    i.HAL_GPIO_WritePin  stm32f1xx_hal_gpio.o
    0x0800137e   0x00000002   PAD
    0x08001380   0x0000000c   Code   RO         2432    i.HAL_GetTick       stm32f1xx_hal.o
    0x0800138c   0x00000010   Code   RO         2433    i.HAL_IncTick       stm32f1xx_hal.o
    0x0800139c   0x00000024   Code   RO         2434    i.HAL_Init          stm32f1xx_hal.o
    0x080013c0   0x00000022   Code   RO         2435    i.HAL_InitTick      stm32f1xx_hal.o
    0x080013e2   0x00000002   PAD
    0x080013e4   0x00000064   Code   RO          404    i.HAL_MspInit       stm32f1xx_hal_msp.o
    0x08001448   0x00000016   Code   RO          464    i.HAL_NVIC_EnableIRQ  stm32f1xx_hal_cortex.o
    0x0800145e   0x00000002   PAD
    0x08001460   0x00000040   Code   RO          470    i.HAL_NVIC_SetPriority  stm32f1xx_hal_cortex.o
    0x080014a0   0x00000024   Code   RO          471    i.HAL_NVIC_SetPriorityGrouping  stm32f1xx_hal_cortex.o
    0x080014c4   0x00000288   Code   RO         2784    i.HAL_RCC_ClockConfig  stm32f1xx_hal_rcc.o
    0x0800174c   0x00000034   Code   RO         2789    i.HAL_RCC_GetHCLKFreq  stm32f1xx_hal_rcc.o
    0x08001780   0x0000002c   Code   RO         2791    i.HAL_RCC_GetPCLK1Freq  stm32f1xx_hal_rcc.o
    0x080017ac   0x0000002c   Code   RO         2792    i.HAL_RCC_GetPCLK2Freq  stm32f1xx_hal_rcc.o
    0x080017d8   0x00000088   Code   RO         2793    i.HAL_RCC_GetSysClockFreq  stm32f1xx_hal_rcc.o
    0x08001860   0x00000632   Code   RO         2796    i.HAL_RCC_OscConfig  stm32f1xx_hal_rcc.o
    0x08001e92   0x00000002   PAD
    0x08001e94   0x00000088   Code   RO         2388    i.HAL_SPI_Init      stm32f1xx_hal_spi_ex.o
    0x08001f1c   0x00000090   Code   RO          406    i.HAL_SPI_MspInit   stm32f1xx_hal_msp.o
    0x08001fac   0x00000018   Code   RO          473    i.HAL_SYSTICK_CLKSourceConfig  stm32f1xx_hal_cortex.o
    0x08001fc4   0x00000002   Code   RO          474    i.HAL_SYSTICK_Callback  stm32f1xx_hal_cortex.o
    0x08001fc6   0x00000028   Code   RO          475    i.HAL_SYSTICK_Config  stm32f1xx_hal_cortex.o
    0x08001fee   0x00000008   Code   RO          476    i.HAL_SYSTICK_IRQHandler  stm32f1xx_hal_cortex.o
    0x08001ff6   0x00000002   Code   RO         1158    i.HAL_TIMEx_BreakCallback  stm32f1xx_hal_tim_ex_1.o
    0x08001ff8   0x00000002   Code   RO         1159    i.HAL_TIMEx_CommutationCallback  stm32f1xx_hal_tim_ex_1.o
    0x08001ffa   0x00000050   Code   RO         1175    i.HAL_TIMEx_MasterConfigSynchronization  stm32f1xx_hal_tim_ex_1.o
    0x0800204a   0x00000036   Code   RO         1393    i.HAL_TIM_Base_Init  stm32f1xx_hal_tim_1.o
    0x08002080   0x0000003c   Code   RO          150    i.HAL_TIM_Base_MspInit  main.o
    0x080020bc   0x00000018   Code   RO         1398    i.HAL_TIM_Base_Start_IT  stm32f1xx_hal_tim_1.o
    0x080020d4   0x0000002a   Code   RO         1401    i.HAL_TIM_Base_Stop_IT  stm32f1xx_hal_tim_1.o
    0x080020fe   0x000000f2   Code   RO         1402    i.HAL_TIM_ConfigClockSource  stm32f1xx_hal_tim_1.o
    0x080021f0   0x00000002   Code   RO         1422    i.HAL_TIM_IC_CaptureCallback  stm32f1xx_hal_tim_1.o
    0x080021f2   0x00000166   Code   RO         1435    i.HAL_TIM_IRQHandler  stm32f1xx_hal_tim_1.o
    0x08002358   0x00000002   Code   RO         1438    i.HAL_TIM_OC_DelayElapsedCallback  stm32f1xx_hal_tim_1.o
    0x0800235a   0x00000002   Code   RO         1465    i.HAL_TIM_PWM_PulseFinishedCallback  stm32f1xx_hal_tim_1.o
    0x0800235c   0x00000002   Code   RO         1472    i.HAL_TIM_PeriodElapsedCallback  stm32f1xx_hal_tim_1.o
    0x0800235e   0x00000002   Code   RO         1476    i.HAL_TIM_TriggerCallback  stm32f1xx_hal_tim_1.o
    0x08002360   0x0000005e   Code   RO          691    i.HAL_UART_Init     stm32f1xx_hal_uart.o
    0x080023be   0x00000002   PAD
    0x080023c0   0x0000005c   Code   RO          408    i.HAL_UART_MspInit  stm32f1xx_hal_msp.o
    0x0800241c   0x00000002   Code   RO          334    i.HardFault_Handler  stm32f1xx_it.o
    0x0800241e   0x00000002   PAD
    0x08002420   0x00000064   Code   RO          151    i.InitForFFT        main.o
    0x08002484   0x00000108   Code   RO          152    i.MX_GPIO_Init      main.o
    0x0800258c   0x00000034   Code   RO          153    i.MX_SPI1_Init      main.o
    0x080025c0   0x00000038   Code   RO          154    i.MX_SPI2_Init      main.o
    0x080025f8   0x00000054   Code   RO          155    i.MX_TIM4_Init      main.o
    0x0800264c   0x00000002   Code   RO          335    i.MemManage_Handler  stm32f1xx_it.o
    0x0800264e   0x00000002   Code   RO          336    i.NMI_Handler       stm32f1xx_it.o
    0x08002650   0x00000020   Code   RO          477    i.NVIC_SetPriority  stm32f1xx_hal_cortex.o
    0x08002670   0x0000001c   Code   RO          156    i.SPI1_ReadWriteByte  main.o
    0x0800268c   0x00000028   Code   RO          157    i.SPI1_SetSpeed     main.o
    0x080026b4   0x00000020   Code   RO          158    i.SPI2_ReadWriteByte  main.o
    0x080026d4   0x00000028   Code   RO          159    i.SPI2_SetSpeed     main.o
    0x080026fc   0x00000058   Code   RO          160    i.SeqnReadRAM       main.o
    0x08002754   0x00000058   Code   RO          161    i.SeqnWriteRAM      main.o
    0x080027ac   0x0000000e   Code   RO          337    i.SysTick_Handler   stm32f1xx_it.o
    0x080027ba   0x00000060   Code   RO          162    i.SystemClock_Config  main.o
    0x0800281a   0x00000002   PAD
    0x0800281c   0x00000048   Code   RO            5    i.SystemInit        system_stm32f1xx.o
    0x08002864   0x00000014   Code   RO          338    i.TIM4_IRQHandler   stm32f1xx_it.o
    0x08002878   0x00000064   Code   RO         1477    i.TIM_Base_SetConfig  stm32f1xx_hal_tim_1.o
    0x080028dc   0x00000014   Code   RO         1484    i.TIM_ETR_SetConfig  stm32f1xx_hal_tim_1.o
    0x080028f0   0x00000010   Code   RO         1485    i.TIM_ITRx_SetConfig  stm32f1xx_hal_tim_1.o
    0x08002900   0x00000022   Code   RO         1491    i.TIM_TI1_ConfigInputStage  stm32f1xx_hal_tim_1.o
    0x08002922   0x00000024   Code   RO         1493    i.TIM_TI2_ConfigInputStage  stm32f1xx_hal_tim_1.o
    0x08002946   0x00000002   PAD
    0x08002948   0x000000e0   Code   RO          710    i.UART_SetConfig    stm32f1xx_hal_uart.o
    0x08002a28   0x00000002   Code   RO          339    i.UsageFault_Handler  stm32f1xx_it.o
    0x08002a2a   0x00000028   Code   RO         3044    i.__ARM_fpclassify  m_ws.l(fpclassify.o)
    0x08002a52   0x00000002   PAD
    0x08002a54   0x00000388   Code   RO         3048    i.__ieee754_rem_pio2  m_ws.l(rred.o)
    0x08002ddc   0x000000fc   Code   RO         3027    i.__kernel_cos      m_ws.l(cos_i.o)
    0x08002ed8   0x000000aa   Code   RO         3046    i.__kernel_poly     m_ws.l(poly.o)
    0x08002f82   0x00000002   PAD
    0x08002f84   0x000000ec   Code   RO         3053    i.__kernel_sin      m_ws.l(sin_i.o)
    0x08003070   0x00000006   Code   RO         3031    i.__mathlib_dbl_infnan  m_ws.l(dunder.o)
    0x08003076   0x0000000c   Code   RO         3033    i.__mathlib_dbl_invalid  m_ws.l(dunder.o)
    0x08003082   0x00000002   PAD
    0x08003084   0x00000010   Code   RO         3036    i.__mathlib_dbl_underflow  m_ws.l(dunder.o)
    0x08003094   0x0000000e   Code   RO         3101    i.__scatterload_copy  mc_w.l(handlers.o)
    0x080030a2   0x00000002   Code   RO         3102    i.__scatterload_null  mc_w.l(handlers.o)
    0x080030a4   0x0000000e   Code   RO         3103    i.__scatterload_zeroinit  mc_w.l(handlers.o)
    0x080030b2   0x00000002   PAD
    0x080030b4   0x0000000c   Code   RO         3075    i.__set_errno       mc_w.l(errno.o)
    0x080030c0   0x00000220   Code   RO         2963    i.atan              m_ws.l(atan.o)
    0x080032e0   0x0000009c   Code   RO         2973    i.cos               m_ws.l(cos.o)
    0x0800337c   0x00000028   Code   RO          165    i.delay_ms          main.o
    0x080033a4   0x00000168   Code   RO          166    i.main              main.o
    0x0800350c   0x000000a0   Code   RO         2981    i.sin               m_ws.l(sin.o)
    0x080035ac   0x0000004c   Code   RO         2989    i.sqrt              m_ws.l(sqrt.o)
    0x080035f8   0x00000010   Data   RO         2797    .constdata          stm32f1xx_hal_rcc.o
    0x08003608   0x00000098   Data   RO         2964    .constdata          m_ws.l(atan.o)
    0x080036a0   0x00000030   Data   RO         3028    .constdata          m_ws.l(cos_i.o)
    0x080036d0   0x000000c8   Data   RO         3050    .constdata          m_ws.l(rred.o)
    0x08003798   0x00000028   Data   RO         3054    .constdata          m_ws.l(sin_i.o)
    0x080037c0   0x00000020   Data   RO         3099    Region$$Table       anon$$obj.o


    Execution Region RW_IRAM1 (Base: 0x20000000, Size: 0x000045a0, Max: 0x00005000, ABSOLUTE)

    Base Addr    Size         Type   Attr      Idx    E Section Name        Object

    0x20000000   0x00000004   Data   RW            7    .data               system_stm32f1xx.o
    0x20000004   0x00000054   Data   RW          171    .data               main.o
    0x20000058   0x00000001   Data   RW         2390    .data               stm32f1xx_hal_spi_ex.o
    0x20000059   0x00000003   PAD
    0x2000005c   0x00000004   Data   RW         2440    .data               stm32f1xx_hal.o
    0x20000060   0x00000004   Data   RW         3076    .data               mc_w.l(errno.o)
    0x20000064   0x0000413c   Zero   RW          167    .bss                main.o
    0x200041a0   0x00000400   Zero   RW          130    STACK               startup_stm32f103xb.o


==============================================================================

Image component sizes


      Code (inc. data)   RO Data    RW Data    ZI Data      Debug   Object Name

      3538        246          0         84      16700      20481   main.o
        36          8        236          0       1024        900   startup_stm32f103xb.o
       120         16          0          4          0       3742   stm32f1xx_hal.o
       228         14          0          0          0      27565   stm32f1xx_hal_cortex.o
       462         36          0          0          0       3713   stm32f1xx_hal_gpio.o
       336         40          0          0          0       2323   stm32f1xx_hal_msp.o
      2510         86         16          0          0       6344   stm32f1xx_hal_rcc.o
       136          4          0          1          0       1414   stm32f1xx_hal_spi_ex.o
       936         14          0          0          0      10854   stm32f1xx_hal_tim_1.o
        84          0          0          0          0       2410   stm32f1xx_hal_tim_ex_1.o
       318          4          0          0          0       1972   stm32f1xx_hal_uart.o
        46          8          0          0          0       3585   stm32f1xx_it.o
        72         16          0          4          0     275793   system_stm32f1xx.o

    ----------------------------------------------------------------------
      8850        492        284         96      17724     361096   Object Totals
         0          0         32          0          0          0   (incl. Generated)
        28          0          0          3          0          0   (incl. Padding)

    ----------------------------------------------------------------------

      Code (inc. data)   RO Data    RW Data    ZI Data      Debug   Library Member Name

       544         70        152          0          0        124   atan.o
       156          8          0          0          0        104   cos.o
       252         22         48          0          0        124   cos_i.o
        34          6          0          0          0        204   dunder.o
        40          0          0          0          0         68   fpclassify.o
       170          0          0          0          0         96   poly.o
       904         76        200          0          0        140   rred.o
       160         10          0          0          0        108   sin.o
       236         12         40          0          0        128   sin_i.o
        76          0          0          0          0         84   sqrt.o
         0          0          0          0          0          0   entry.o
         0          0          0          0          0          0   entry10a.o
         0          0          0          0          0          0   entry11a.o
         8          4          0          0          0          0   entry2.o
         4          0          0          0          0          0   entry5.o
         0          0          0          0          0          0   entry7b.o
         0          0          0          0          0          0   entry8b.o
         8          4          0          0          0          0   entry9a.o
        12          6          0          4          0         68   errno.o
        30          0          0          0          0          0   handlers.o
        36          8          0          0          0         68   init.o
         0          0          0          0          0          0   iusefp.o
        30          0          0          0          0         68   llshl.o
        36          0          0          0          0         68   llsshr.o
        32          0          0          0          0         68   llushr.o
        20          0          0          0          0         68   cfcmple.o
        20          0          0          0          0         68   cfrcmple.o
        56          0          0          0          0         88   d2f.o
       334          0          0          0          0        148   dadd.o
       222          0          0          0          0        100   ddiv.o
       186          0          0          0          0        176   depilogue.o
        62          0          0          0          0         80   dfixi.o
        34          0          0          0          0         76   dflti.o
        26          0          0          0          0         76   dfltui.o
       228          0          0          0          0         96   dmul.o
        46          0          0          0          0         80   dscalb.o
       162          0          0          0          0        100   dsqrt.o
        38          0          0          0          0         68   f2d.o
       176          0          0          0          0        140   fadd.o
       124          0          0          0          0         88   fdiv.o
       110          0          0          0          0        168   fepilogue.o
        10          0          0          0          0         68   ffltui.o
       100          0          0          0          0         76   fmul.o

    ----------------------------------------------------------------------
      4730        226        440          4          0       3284   Library Totals
         8          0          0          0          0          0   (incl. Padding)

    ----------------------------------------------------------------------

      Code (inc. data)   RO Data    RW Data    ZI Data      Debug   Library Name

      2572        204        440          0          0       1180   m_ws.l
       196         22          0          4          0        340   mc_w.l
      1954          0          0          0          0       1764   mf_w.l

    ----------------------------------------------------------------------
      4730        226        440          4          0       3284   Library Totals

    ----------------------------------------------------------------------

==============================================================================


      Code (inc. data)   RO Data    RW Data    ZI Data      Debug   

     13580        718        724        100      17724     358760   Grand Totals
     13580        718        724        100      17724     358760   ELF Image Totals
     13580        718        724        100          0          0   ROM Totals

==============================================================================

    Total RO  Size (Code + RO Data)                14304 (  13.97kB)
    Total RW  Size (RW Data + ZI Data)             17824 (  17.41kB)
    Total ROM Size (Code + RO Data + RW Data)      14404 (  14.07kB)

==============================================================================

